Archive member included to satisfy reference by file (symbol)

/Applications/Ac6/SystemWorkbench.app/Contents/Eclipse/plugins/fr.ac6.mcu.externaltools.arm-none.macos64_1.15.0.201708311556/tools/compiler/bin/../lib/gcc/arm-none-eabi/6.3.1/../../../../arm-none-eabi/lib/thumb/v7e-m/fpv4-sp/hard/libm.a(lib_a-s_trunc.o)
                              DataLog/User/datalog_application.o (trunc)
/Applications/Ac6/SystemWorkbench.app/Contents/Eclipse/plugins/fr.ac6.mcu.externaltools.arm-none.macos64_1.15.0.201708311556/tools/compiler/bin/../lib/gcc/arm-none-eabi/6.3.1/../../../../arm-none-eabi/lib/thumb/v7e-m/fpv4-sp/hard/libm.a(lib_a-w_pow.o)
                              DataLog/User/datalog_application.o (pow)
/Applications/Ac6/SystemWorkbench.app/Contents/Eclipse/plugins/fr.ac6.mcu.externaltools.arm-none.macos64_1.15.0.201708311556/tools/compiler/bin/../lib/gcc/arm-none-eabi/6.3.1/../../../../arm-none-eabi/lib/thumb/v7e-m/fpv4-sp/hard/libm.a(lib_a-w_sqrt.o)
                              DataLog/User/main.o (sqrt)
/Applications/Ac6/SystemWorkbench.app/Contents/Eclipse/plugins/fr.ac6.mcu.externaltools.arm-none.macos64_1.15.0.201708311556/tools/compiler/bin/../lib/gcc/arm-none-eabi/6.3.1/../../../../arm-none-eabi/lib/thumb/v7e-m/fpv4-sp/hard/libm.a(lib_a-e_pow.o)
                              /Applications/Ac6/SystemWorkbench.app/Contents/Eclipse/plugins/fr.ac6.mcu.externaltools.arm-none.macos64_1.15.0.201708311556/tools/compiler/bin/../lib/gcc/arm-none-eabi/6.3.1/../../../../arm-none-eabi/lib/thumb/v7e-m/fpv4-sp/hard/libm.a(lib_a-w_pow.o) (__ieee754_pow)
/Applications/Ac6/SystemWorkbench.app/Contents/Eclipse/plugins/fr.ac6.mcu.externaltools.arm-none.macos64_1.15.0.201708311556/tools/compiler/bin/../lib/gcc/arm-none-eabi/6.3.1/../../../../arm-none-eabi/lib/thumb/v7e-m/fpv4-sp/hard/libm.a(lib_a-e_sqrt.o)
                              /Applications/Ac6/SystemWorkbench.app/Contents/Eclipse/plugins/fr.ac6.mcu.externaltools.arm-none.macos64_1.15.0.201708311556/tools/compiler/bin/../lib/gcc/arm-none-eabi/6.3.1/../../../../arm-none-eabi/lib/thumb/v7e-m/fpv4-sp/hard/libm.a(lib_a-w_sqrt.o) (__ieee754_sqrt)
/Applications/Ac6/SystemWorkbench.app/Contents/Eclipse/plugins/fr.ac6.mcu.externaltools.arm-none.macos64_1.15.0.201708311556/tools/compiler/bin/../lib/gcc/arm-none-eabi/6.3.1/../../../../arm-none-eabi/lib/thumb/v7e-m/fpv4-sp/hard/libm.a(lib_a-s_fabs.o)
                              /Applications/Ac6/SystemWorkbench.app/Contents/Eclipse/plugins/fr.ac6.mcu.externaltools.arm-none.macos64_1.15.0.201708311556/tools/compiler/bin/../lib/gcc/arm-none-eabi/6.3.1/../../../../arm-none-eabi/lib/thumb/v7e-m/fpv4-sp/hard/libm.a(lib_a-e_pow.o) (fabs)
/Applications/Ac6/SystemWorkbench.app/Contents/Eclipse/plugins/fr.ac6.mcu.externaltools.arm-none.macos64_1.15.0.201708311556/tools/compiler/bin/../lib/gcc/arm-none-eabi/6.3.1/../../../../arm-none-eabi/lib/thumb/v7e-m/fpv4-sp/hard/libm.a(lib_a-s_finite.o)
                              /Applications/Ac6/SystemWorkbench.app/Contents/Eclipse/plugins/fr.ac6.mcu.externaltools.arm-none.macos64_1.15.0.201708311556/tools/compiler/bin/../lib/gcc/arm-none-eabi/6.3.1/../../../../arm-none-eabi/lib/thumb/v7e-m/fpv4-sp/hard/libm.a(lib_a-w_pow.o) (finite)
/Applications/Ac6/SystemWorkbench.app/Contents/Eclipse/plugins/fr.ac6.mcu.externaltools.arm-none.macos64_1.15.0.201708311556/tools/compiler/bin/../lib/gcc/arm-none-eabi/6.3.1/../../../../arm-none-eabi/lib/thumb/v7e-m/fpv4-sp/hard/libm.a(lib_a-s_lib_ver.o)
                              /Applications/Ac6/SystemWorkbench.app/Contents/Eclipse/plugins/fr.ac6.mcu.externaltools.arm-none.macos64_1.15.0.201708311556/tools/compiler/bin/../lib/gcc/arm-none-eabi/6.3.1/../../../../arm-none-eabi/lib/thumb/v7e-m/fpv4-sp/hard/libm.a(lib_a-w_pow.o) (__fdlib_version)
/Applications/Ac6/SystemWorkbench.app/Contents/Eclipse/plugins/fr.ac6.mcu.externaltools.arm-none.macos64_1.15.0.201708311556/tools/compiler/bin/../lib/gcc/arm-none-eabi/6.3.1/../../../../arm-none-eabi/lib/thumb/v7e-m/fpv4-sp/hard/libm.a(lib_a-s_matherr.o)
                              /Applications/Ac6/SystemWorkbench.app/Contents/Eclipse/plugins/fr.ac6.mcu.externaltools.arm-none.macos64_1.15.0.201708311556/tools/compiler/bin/../lib/gcc/arm-none-eabi/6.3.1/../../../../arm-none-eabi/lib/thumb/v7e-m/fpv4-sp/hard/libm.a(lib_a-w_pow.o) (matherr)
/Applications/Ac6/SystemWorkbench.app/Contents/Eclipse/plugins/fr.ac6.mcu.externaltools.arm-none.macos64_1.15.0.201708311556/tools/compiler/bin/../lib/gcc/arm-none-eabi/6.3.1/../../../../arm-none-eabi/lib/thumb/v7e-m/fpv4-sp/hard/libm.a(lib_a-s_nan.o)
                              /Applications/Ac6/SystemWorkbench.app/Contents/Eclipse/plugins/fr.ac6.mcu.externaltools.arm-none.macos64_1.15.0.201708311556/tools/compiler/bin/../lib/gcc/arm-none-eabi/6.3.1/../../../../arm-none-eabi/lib/thumb/v7e-m/fpv4-sp/hard/libm.a(lib_a-e_pow.o) (nan)
[...]
Memory Configuration

Name             Origin             Length             Attributes
FLASH            0x0000000008004000 0x0000000000040000 xr
RAM              0x0000000020000000 0x0000000000018000 xrw
SRAM2            0x0000000010000000 0x0000000000008000 xrw
*default*        0x0000000000000000 0xffffffffffffffff

Linker script and memory map

LOAD /Applications/Ac6/SystemWorkbench.app/Contents/Eclipse/plugins/fr.ac6.mcu.externaltools.arm-none.macos64_1.15.0.201708311556/tools/compiler/bin/../lib/gcc/arm-none-eabi/6.3.1/thumb/v7e-m/fpv4-sp/hard/crti.o
LOAD /Applications/Ac6/SystemWorkbench.app/Contents/Eclipse/plugins/fr.ac6.mcu.externaltools.arm-none.macos64_1.15.0.201708311556/tools/compiler/bin/../lib/gcc/arm-none-eabi/6.3.1/thumb/v7e-m/fpv4-sp/hard/crtbegin.o
LOAD /Applications/Ac6/SystemWorkbench.app/Contents/Eclipse/plugins/fr.ac6.mcu.externaltools.arm-none.macos64_1.15.0.201708311556/tools/compiler/bin/../lib/gcc/arm-none-eabi/6.3.1/../../../../arm-none-eabi/lib/thumb/v7e-m/fpv4-sp/hard/crt0.o
LOAD DataLog/SW4STM32/startup_stm32l476xx.o
LOAD DataLog/User/cube_hal_l4.o
LOAD DataLog/User/datalog_application.o
LOAD DataLog/User/embeddedML.o
LOAD DataLog/User/main.o
LOAD DataLog/User/stm32l4xx_hal_msp.o
LOAD DataLog/User/stm32l4xx_it.o
LOAD DataLog/User/syscalls.o
LOAD DataLog/User/usbd_cdc_interface.o
LOAD DataLog/User/usbd_conf.o
LOAD DataLog/User/usbd_desc.o
LOAD Drivers/BSP/Components/HTS221_Driver.o
LOAD Drivers/BSP/Components/HTS221_Driver_HL.o
LOAD Drivers/BSP/Components/LPS22HB_Driver.o
LOAD Drivers/BSP/Components/LPS22HB_Driver_HL.o
LOAD Drivers/BSP/Components/LSM303AGR_ACC_driver.o
LOAD Drivers/BSP/Components/LSM303AGR_ACC_driver_HL.o
LOAD Drivers/BSP/Components/LSM303AGR_MAG_driver.o
LOAD Drivers/BSP/Components/LSM303AGR_MAG_driver_HL.o
LOAD Drivers/BSP/Components/LSM6DSM_ACC_GYRO_driver.o
LOAD Drivers/BSP/Components/LSM6DSM_ACC_GYRO_driver_HL.o
LOAD Drivers/BSP/Components/STC3115_Driver.o
LOAD Drivers/BSP/SensorTile/SensorTile.o
LOAD Drivers/BSP/SensorTile/SensorTile_accelero.o
LOAD Drivers/BSP/SensorTile/SensorTile_gg.o
LOAD Drivers/BSP/SensorTile/SensorTile_gyro.o
LOAD Drivers/BSP/SensorTile/SensorTile_humidity.o
LOAD Drivers/BSP/SensorTile/SensorTile_magneto.o
LOAD Drivers/BSP/SensorTile/SensorTile_pressure.o
LOAD Drivers/BSP/SensorTile/SensorTile_sd.o
LOAD Drivers/BSP/SensorTile/SensorTile_temperature.o
LOAD Drivers/CMSIS/system_stm32l4xx.o
LOAD Drivers/STM32L4xx_HAL_Driver/stm32l4xx_hal.o
LOAD Drivers/STM32L4xx_HAL_Driver/stm32l4xx_hal_cortex.o
LOAD Drivers/STM32L4xx_HAL_Driver/stm32l4xx_hal_dma.o
LOAD Drivers/STM32L4xx_HAL_Driver/stm32l4xx_hal_gpio.o
LOAD Drivers/STM32L4xx_HAL_Driver/stm32l4xx_hal_i2c.o
LOAD Drivers/STM32L4xx_HAL_Driver/stm32l4xx_hal_i2c_ex.o
LOAD Drivers/STM32L4xx_HAL_Driver/stm32l4xx_hal_pcd.o
LOAD Drivers/STM32L4xx_HAL_Driver/stm32l4xx_hal_pcd_ex.o
LOAD Drivers/STM32L4xx_HAL_Driver/stm32l4xx_hal_pwr.o
LOAD Drivers/STM32L4xx_HAL_Driver/stm32l4xx_hal_pwr_ex.o
LOAD Drivers/STM32L4xx_HAL_Driver/stm32l4xx_hal_rcc.o
LOAD Drivers/STM32L4xx_HAL_Driver/stm32l4xx_hal_rcc_ex.o
LOAD Drivers/STM32L4xx_HAL_Driver/stm32l4xx_hal_rtc.o
LOAD Drivers/STM32L4xx_HAL_Driver/stm32l4xx_hal_rtc_ex.o
LOAD Drivers/STM32L4xx_HAL_Driver/stm32l4xx_hal_spi.o
LOAD Drivers/STM32L4xx_HAL_Driver/stm32l4xx_hal_spi_ex.o
LOAD Drivers/STM32L4xx_HAL_Driver/stm32l4xx_hal_tim.o
LOAD Drivers/STM32L4xx_HAL_Driver/stm32l4xx_hal_tim_ex.o
LOAD Drivers/STM32L4xx_HAL_Driver/stm32l4xx_ll_usb.o
LOAD Middlewares/FatFs/diskio.o
LOAD Middlewares/FatFs/ff.o
LOAD Middlewares/FatFs/ff_gen_drv.o
LOAD Middlewares/FatFs/sd_diskio.o
LOAD Middlewares/FatFs/syscall.o
LOAD Middlewares/FatFs/unicode.o
LOAD Middlewares/STM32_USBD_Library/Class/usbd_cdc.o
LOAD Middlewares/STM32_USBD_Library/Core/usbd_core.o
LOAD Middlewares/STM32_USBD_Library/Core/usbd_ctlreq.o
LOAD Middlewares/STM32_USBD_Library/Core/usbd_ioreq.o
LOAD /Applications/Ac6/SystemWorkbench.app/Contents/Eclipse/plugins/fr.ac6.mcu.externaltools.arm-none.macos64_1.15.0.201708311556/tools/compiler/bin/../lib/gcc/arm-none-eabi/6.3.1/../../../../arm-none-eabi/lib/thumb/v7e-m/fpv4-sp/hard/libm.a
START GROUP
LOAD /Applications/Ac6/SystemWorkbench.app/Contents/Eclipse/plugins/fr.ac6.mcu.externaltools.arm-none.macos64_1.15.0.201708311556/tools/compiler/bin/../lib/gcc/arm-none-eabi/6.3.1/thumb/v7e-m/fpv4-sp/hard/libgcc.a
LOAD /Applications/Ac6/SystemWorkbench.app/Contents/Eclipse/plugins/fr.ac6.mcu.externaltools.arm-none.macos64_1.15.0.201708311556/tools/compiler/bin/../lib/gcc/arm-none-eabi/6.3.1/../../../../arm-none-eabi/lib/thumb/v7e-m/fpv4-sp/hard/libc_nano.a
END GROUP
START GROUP
LOAD /Applications/Ac6/SystemWorkbench.app/Contents/Eclipse/plugins/fr.ac6.mcu.externaltools.arm-none.macos64_1.15.0.201708311556/tools/compiler/bin/../lib/gcc/arm-none-eabi/6.3.1/thumb/v7e-m/fpv4-sp/hard/libgcc.a
LOAD /Applications/Ac6/SystemWorkbench.app/Contents/Eclipse/plugins/fr.ac6.mcu.externaltools.arm-none.macos64_1.15.0.201708311556/tools/compiler/bin/../lib/gcc/arm-none-eabi/6.3.1/../../../../arm-none-eabi/lib/thumb/v7e-m/fpv4-sp/hard/libc_nano.a
END GROUP
LOAD /Applications/Ac6/SystemWorkbench.app/Contents/Eclipse/plugins/fr.ac6.mcu.externaltools.arm-none.macos64_1.15.0.201708311556/tools/compiler/bin/../lib/gcc/arm-none-eabi/6.3.1/thumb/v7e-m/fpv4-sp/hard/crtend.o
LOAD /Applications/Ac6/SystemWorkbench.app/Contents/Eclipse/plugins/fr.ac6.mcu.externaltools.arm-none.macos64_1.15.0.201708311556/tools/compiler/bin/../lib/gcc/arm-none-eabi/6.3.1/thumb/v7e-m/fpv4-sp/hard/crtn.o
                0x0000000020017fff                _estack = 0x20017fff
                0x0000000000002000                _Min_Heap_Size = 0x2000
                0x0000000000002000                _Min_Stack_Size = 0x2000

.isr_vector     0x0000000008004000      0x188
                0x0000000008004000                . = ALIGN (0x8)
 *(.isr_vector)
 .isr_vector    0x0000000008004000      0x188 DataLog/SW4STM32/startup_stm32l476xx.o
                0x0000000008004000                g_pfnVectors
                0x0000000008004188                . = ALIGN (0x8)

.text           0x0000000008004190    0x1db30
                0x0000000008004190                . = ALIGN (0x8)
 *(.text)
 .text          0x0000000008004190       0x6c /Applications/Ac6/SystemWorkbench.app/Contents/Eclipse/plugins/fr.ac6.mcu.externaltools.arm-none.macos64_1.15.0.201708311556/tools/compiler/bin/../lib/gcc/arm-none-eabi/6.3.1/thumb/v7e-m/fpv4-sp/hard/crtbegin.o
 .text          0x00000000080041fc      0x370 /Applications/Ac6/SystemWorkbench.app/Contents/Eclipse/plugins/fr.ac6.mcu.externaltools.arm-none.macos64_1.15.0.201708311556/tools/compiler/bin/../lib/gcc/arm-none-eabi/6.3.1/thumb/v7e-m/fpv4-sp/hard/libgcc.a(_arm_addsubdf3.o)
                0x00000000080041fc                __aeabi_drsub
                0x0000000008004204                __subdf3
                0x0000000008004204                __aeabi_dsub
                0x0000000008004208                __aeabi_dadd
                0x0000000008004208                __adddf3
                0x0000000008004480                __aeabi_ui2d
                0x0000000008004480                __floatunsidf
                0x00000000080044a0                __floatsidf
                0x00000000080044a0                __aeabi_i2d
                0x00000000080044c4                __extendsfdf2
                0x00000000080044c4                __aeabi_f2d
                0x0000000008004500                __aeabi_ul2d
                0x0000000008004500                __floatundidf
                0x0000000008004510                __aeabi_l2d
                0x0000000008004510                __floatdidf
 .text          0x000000000800456c      0x424 /Applications/Ac6/SystemWorkbench.app/Contents/Eclipse/plugins/fr.ac6.mcu.externaltools.arm-none.macos64_1.15.0.201708311556/tools/compiler/bin/../lib/gcc/arm-none-eabi/6.3.1/thumb/v7e-m/fpv4-sp/hard/libgcc.a(_arm_muldivdf3.o)
                0x000000000800456c                __aeabi_dmul
                0x000000000800456c                __muldf3
                0x00000000080047c0                __aeabi_ddiv
                0x00000000080047c0                __divdf3
 .text          0x0000000008004990      0x110 /Applications/Ac6/SystemWorkbench.app/Contents/Eclipse/plugins/fr.ac6.mcu.externaltools.arm-none.macos64_1.15.0.201708311556/tools/compiler/bin/../lib/gcc/arm-none-eabi/6.3.1/thumb/v7e-m/fpv4-sp/hard/libgcc.a(_arm_cmpdf2.o)
                0x0000000008004990                __gedf2
                0x0000000008004990                __gtdf2
                0x0000000008004998                __ledf2
                0x0000000008004998                __ltdf2
                0x00000000080049a0                __cmpdf2
                0x00000000080049a0                __eqdf2
                0x00000000080049a0                __nedf2
                0x0000000008004a1c                __aeabi_cdrcmple
                0x0000000008004a2c                __aeabi_cdcmple
                0x0000000008004a2c                __aeabi_cdcmpeq
                0x0000000008004a3c                __aeabi_dcmpeq
                0x0000000008004a50                __aeabi_dcmplt
                0x0000000008004a64                __aeabi_dcmple
                0x0000000008004a78                __aeabi_dcmpge
                0x0000000008004a8c                __aeabi_dcmpgt
 .text          0x0000000008004aa0       0x2c /Applications/Ac6/SystemWorkbench.app/Contents/Eclipse/plugins/fr.ac6.mcu.externaltools.arm-none.macos64_1.15.0.201708311556/tools/compiler/bin/../lib/gcc/arm-none-eabi/6.3.1/thumb/v7e-m/fpv4-sp/hard/libgcc.a(_arm_unorddf2.o)
                0x0000000008004aa0                __aeabi_dcmpun
                0x0000000008004aa0                __unorddf2
 .text          0x0000000008004acc       0x50 /Applications/Ac6/SystemWorkbench.app/Contents/Eclipse/plugins/fr.ac6.mcu.externaltools.arm-none.macos64_1.15.0.201708311556/tools/compiler/bin/../lib/gcc/arm-none-eabi/6.3.1/thumb/v7e-m/fpv4-sp/hard/libgcc.a(_arm_fixdfsi.o)
                0x0000000008004acc                __fixdfsi
                0x0000000008004acc                __aeabi_d2iz
 .text          0x0000000008004b1c       0xa0 /Applications/Ac6/SystemWorkbench.app/Contents/Eclipse/plugins/fr.ac6.mcu.externaltools.arm-none.macos64_1.15.0.201708311556/tools/compiler/bin/../lib/gcc/arm-none-eabi/6.3.1/thumb/v7e-m/fpv4-sp/hard/libgcc.a(_arm_truncdfsf2.o)
                0x0000000008004b1c                __aeabi_d2f
                0x0000000008004b1c                __truncdfsf2
 .text          0x0000000008004bbc       0xa0 /Applications/Ac6/SystemWorkbench.app/Contents/Eclipse/plugins/fr.ac6.mcu.externaltools.arm-none.macos64_1.15.0.201708311556/tools/compiler/bin/../lib/gcc/arm-none-eabi/6.3.1/thumb/v7e-m/fpv4-sp/hard/libgcc.a(_aeabi_ldivmod.o)
                0x0000000008004bbc                __aeabi_ldivmod
 .text          0x0000000008004c5c      0x2dc /Applications/Ac6/SystemWorkbench.app/Contents/Eclipse/plugins/fr.ac6.mcu.externaltools.arm-none.macos64_1.15.0.201708311556/tools/compiler/bin/../lib/gcc/arm-none-eabi/6.3.1/thumb/v7e-m/fpv4-sp/hard/libgcc.a(_udivmoddi4.o)
                0x0000000008004c5c                __udivmoddi4
 .text          0x0000000008004f38        0x4 /Applications/Ac6/SystemWorkbench.app/Contents/Eclipse/plugins/fr.ac6.mcu.externaltools.arm-none.macos64_1.15.0.201708311556/tools/compiler/bin/../lib/gcc/arm-none-eabi/6.3.1/thumb/v7e-m/fpv4-sp/hard/libgcc.a(_dvmd_tls.o)
                0x0000000008004f38                __aeabi_ldiv0
                0x0000000008004f38                __aeabi_idiv0
 .text          0x0000000008004f3c       0x10 /Applications/Ac6/SystemWorkbench.app/Contents/Eclipse/plugins/fr.ac6.mcu.externaltools.arm-none.macos64_1.15.0.201708311556/tools/compiler/bin/../lib/gcc/arm-none-eabi/6.3.1/../../../../arm-none-eabi/lib/thumb/v7e-m/fpv4-sp/hard/libc_nano.a(lib_a-strlen.o)
                0x0000000008004f3c                strlen
 *fill*         0x0000000008004f4c        0x4 
 .text          0x0000000008004f50       0xa0 /Applications/Ac6/SystemWorkbench.app/Contents/Eclipse/plugins/fr.ac6.mcu.externaltools.arm-none.macos64_1.15.0.201708311556/tools/compiler/bin/../lib/gcc/arm-none-eabi/6.3.1/../../../../arm-none-eabi/lib/thumb/v7e-m/fpv4-sp/hard/libc_nano.a(lib_a-memchr.o)
                0x0000000008004f50                memchr
 .text          0x0000000008004ff0       0x40 /Applications/Ac6/SystemWorkbench.app/Contents/Eclipse/plugins/fr.ac6.mcu.externaltools.arm-none.macos64_1.15.0.201708311556/tools/compiler/bin/../lib/gcc/arm-none-eabi/6.3.1/thumb/v7e-m/fpv4-sp/hard/libgcc.a(_arm_fixunsdfsi.o)
                0x0000000008004ff0                __fixunsdfsi
                0x0000000008004ff0                __aeabi_d2uiz
 *(.text*)
 .text.Reset_Handler
                0x0000000008005030       0x50 DataLog/SW4STM32/startup_stm32l476xx.o
                0x0000000008005030                Reset_Handler
 .text.Default_Handler
                0x0000000008005080        0x2 DataLog/SW4STM32/startup_stm32l476xx.o
                0x0000000008005080                TIM1_BRK_TIM15_IRQHandler
                0x0000000008005080                TIM8_TRG_COM_IRQHandler
                0x0000000008005080                TIM8_CC_IRQHandler
                0x0000000008005080                TIM1_CC_IRQHandler
                0x0000000008005080                TSC_IRQHandler
                0x0000000008005080                TAMP_STAMP_IRQHandler
                0x0000000008005080                PendSV_Handler
                0x0000000008005080                EXTI3_IRQHandler
                0x0000000008005080                LPTIM2_IRQHandler
                0x0000000008005080                DFSDM1_FLT1_IRQHandler
                0x0000000008005080                I2C3_ER_IRQHandler
                0x0000000008005080                DFSDM1_FLT2_IRQHandler
                0x0000000008005080                EXTI0_IRQHandler
                0x0000000008005080                I2C2_EV_IRQHandler
                0x0000000008005080                CAN1_RX0_IRQHandler
                0x0000000008005080                FPU_IRQHandler
                0x0000000008005080                TIM1_UP_TIM16_IRQHandler
                0x0000000008005080                UsageFault_Handler
                0x0000000008005080                ADC1_2_IRQHandler
                0x0000000008005080                SPI1_IRQHandler
                0x0000000008005080                TIM6_DAC_IRQHandler
                0x0000000008005080                TIM8_UP_IRQHandler
                0x0000000008005080                DMA2_Channel2_IRQHandler
                0x0000000008005080                DMA1_Channel4_IRQHandler
                0x0000000008005080                SAI2_IRQHandler
                0x0000000008005080                DFSDM1_FLT3_IRQHandler
                0x0000000008005080                USART3_IRQHandler
                0x0000000008005080                DMA1_Channel7_IRQHandler
                0x0000000008005080                CAN1_RX1_IRQHandler
                0x0000000008005080                LCD_IRQHandler
                0x0000000008005080                UART5_IRQHandler
                0x0000000008005080                ADC3_IRQHandler
                0x0000000008005080                TIM4_IRQHandler
                0x0000000008005080                DMA2_Channel1_IRQHandler
                0x0000000008005080                QUADSPI_IRQHandler
                0x0000000008005080                I2C1_EV_IRQHandler
                0x0000000008005080                DMA1_Channel6_IRQHandler
                0x0000000008005080                UART4_IRQHandler
                0x0000000008005080                DMA2_Channel4_IRQHandler
                0x0000000008005080                RCC_IRQHandler
                0x0000000008005080                DMA1_Channel1_IRQHandler
                0x0000000008005080                Default_Handler
                0x0000000008005080                DMA2_Channel7_IRQHandler
                0x0000000008005080                EXTI15_10_IRQHandler
                0x0000000008005080                TIM7_IRQHandler
                0x0000000008005080                SDMMC1_IRQHandler
                0x0000000008005080                TIM5_IRQHandler
                0x0000000008005080                I2C3_EV_IRQHandler
                0x0000000008005080                EXTI9_5_IRQHandler
                0x0000000008005080                RTC_WKUP_IRQHandler
                0x0000000008005080                PVD_PVM_IRQHandler
                0x0000000008005080                SPI2_IRQHandler
                0x0000000008005080                MemManage_Handler
                0x0000000008005080                CAN1_TX_IRQHandler
                0x0000000008005080                SVC_Handler
                0x0000000008005080                DMA2_Channel5_IRQHandler
                0x0000000008005080                DMA1_Channel5_IRQHandler
                0x0000000008005080                EXTI4_IRQHandler
                0x0000000008005080                RNG_IRQHandler
                0x0000000008005080                TIM1_TRG_COM_TIM17_IRQHandler
                0x0000000008005080                DMA1_Channel3_IRQHandler
                0x0000000008005080                COMP_IRQHandler
                0x0000000008005080                WWDG_IRQHandler
                0x0000000008005080                LPUART1_IRQHandler
                0x0000000008005080                DMA2_Channel6_IRQHandler
                0x0000000008005080                TIM2_IRQHandler
                0x0000000008005080                EXTI1_IRQHandler
                0x0000000008005080                USART2_IRQHandler
                0x0000000008005080                DFSDM1_FLT0_IRQHandler
                0x0000000008005080                I2C2_ER_IRQHandler
                0x0000000008005080                DMA1_Channel2_IRQHandler
                0x0000000008005080                TIM8_BRK_IRQHandler
                0x0000000008005080                CAN1_SCE_IRQHandler
                0x0000000008005080                FLASH_IRQHandler
                0x0000000008005080                BusFault_Handler
                0x0000000008005080                USART1_IRQHandler
                0x0000000008005080                SPI3_IRQHandler
                0x0000000008005080                I2C1_ER_IRQHandler
                0x0000000008005080                FMC_IRQHandler
                0x0000000008005080                SWPMI1_IRQHandler
                0x0000000008005080                LPTIM1_IRQHandler
                0x0000000008005080                SAI1_IRQHandler
                0x0000000008005080                DMA2_Channel3_IRQHandler
                0x0000000008005080                RTC_Alarm_IRQHandler
 *fill*         0x0000000008005082        0x2 
 .text.SystemClock_Config
                0x0000000008005084      0x144 DataLog/User/cube_hal_l4.o
                0x0000000008005084                SystemClock_Config
 .text.Error_Handler
                0x00000000080051c8        0x6 DataLog/User/cube_hal_l4.o
 *fill*         0x00000000080051ce        0x2 
 .text.DATALOG_SD_Init
                0x00000000080051d0       0x54 DataLog/User/datalog_application.o
                0x00000000080051d0                DATALOG_SD_Init
 .text.BP_ANN   0x0000000008005224      0x91e DataLog/User/embeddedML.o
                0x0000000008005224                BP_ANN
 .text.train_ann
                0x0000000008005b42       0x88 DataLog/User/embeddedML.o
                0x0000000008005b42                train_ann
 .text.FP_ANN   0x0000000008005bca      0x21c DataLog/User/embeddedML.o
                0x0000000008005bca                FP_ANN
 .text.run_ann  0x0000000008005de6       0x24 DataLog/User/embeddedML.o
                0x0000000008005de6                run_ann
 *fill*         0x0000000008005e0a        0x2 
 .text.init_ann
                0x0000000008005e0c       0x8c DataLog/User/embeddedML.o
                0x0000000008005e0c                init_ann
 .text.fill_zeros
                0x0000000008005e98       0x38 DataLog/User/embeddedML.o
                0x0000000008005e98                fill_zeros
 .text.fill_number
                0x0000000008005ed0       0x3a DataLog/User/embeddedML.o
                0x0000000008005ed0                fill_number
 *fill*         0x0000000008005f0a        0x6 
 .text.relu     0x0000000008005f10       0x88 DataLog/User/embeddedML.o
                0x0000000008005f10                relu
 .text.relu2    0x0000000008005f98       0xb8 DataLog/User/embeddedML.o
                0x0000000008005f98                relu2
 .text.relu_derivative
                0x0000000008006050       0x50 DataLog/User/embeddedML.o
                0x0000000008006050                relu_derivative
 .text.relu2_derivative
                0x00000000080060a0       0x50 DataLog/User/embeddedML.o
                0x00000000080060a0                relu2_derivative
 .text.motion_softmax
                0x00000000080060f0      0x15a DataLog/User/main.o
                0x00000000080060f0                motion_softmax
 .text.LED_Code_Blink
                0x000000000800624a       0xa2 DataLog/User/main.o
                0x000000000800624a                LED_Code_Blink
 .text.LED_Notification_Blink
                0x00000000080062ec       0x3c DataLog/User/main.o
                0x00000000080062ec                LED_Notification_Blink
 .text.getAngularVelocity
                0x0000000008006328       0x64 DataLog/User/main.o
                0x0000000008006328                getAngularVelocity
 .text.getAccel
                0x000000000800638c       0x64 DataLog/User/main.o
                0x000000000800638c                getAccel
 .text.Feature_Extraction_State_0
                0x00000000080063f0      0x314 DataLog/User/main.o
                0x00000000080063f0                Feature_Extraction_State_0
 *fill*         0x0000000008006704        0x4 
 .text.Feature_Extraction_State_1
                0x0000000008006708      0x330 DataLog/User/main.o
                0x0000000008006708                Feature_Extraction_State_1
 .text.Feature_Extraction_State_2
                0x0000000008006a38      0x1b8 DataLog/User/main.o
                0x0000000008006a38                Feature_Extraction_State_2
 .text.printOutput_ANN
                0x0000000008006bf0      0x58c DataLog/User/main.o
                0x0000000008006bf0                printOutput_ANN
 .text.TrainOrientation
                0x000000000800717c      0xd4c DataLog/User/main.o
                0x000000000800717c                TrainOrientation
 .text.Accel_Sensor_Handler
                0x0000000008007ec8      0x61c DataLog/User/main.o
                0x0000000008007ec8                Accel_Sensor_Handler
 .text.main     0x00000000080084e4      0x320 DataLog/User/main.o
                0x00000000080084e4                main
 .text.initializeAllSensors
                0x0000000008008804       0xe8 DataLog/User/main.o
 .text.enableAllSensors
                0x00000000080088ec       0x88 DataLog/User/main.o
                0x00000000080088ec                enableAllSensors
 .text.RTC_Config
                0x0000000008008974       0x4c DataLog/User/main.o
 .text.RTC_TimeStampConfig
                0x00000000080089c0       0x68 DataLog/User/main.o
 .text.HAL_GPIO_EXTI_Callback
                0x0000000008008a28       0x20 DataLog/User/main.o
                0x0000000008008a28                HAL_GPIO_EXTI_Callback
 .text.Error_Handler
                0x0000000008008a48        0x6 DataLog/User/main.o
 *fill*         0x0000000008008a4e        0x2 
 .text.HAL_RTC_MspInit
                0x0000000008008a50       0x34 DataLog/User/stm32l4xx_hal_msp.o
                0x0000000008008a50                HAL_RTC_MspInit
 .text.NMI_Handler
                0x0000000008008a84        0xe DataLog/User/stm32l4xx_it.o
                0x0000000008008a84                NMI_Handler
 .text.HardFault_Handler
                0x0000000008008a92        0x6 DataLog/User/stm32l4xx_it.o
                0x0000000008008a92                HardFault_Handler
 .text.DebugMon_Handler
                0x0000000008008a98        0xe DataLog/User/stm32l4xx_it.o
                0x0000000008008a98                DebugMon_Handler
 .text.SysTick_Handler
                0x0000000008008aa6        0xc DataLog/User/stm32l4xx_it.o
                0x0000000008008aa6                SysTick_Handler
 *fill*         0x0000000008008ab2        0x2 
 .text.OTG_FS_IRQHandler
                0x0000000008008ab4       0x14 DataLog/User/stm32l4xx_it.o
                0x0000000008008ab4                OTG_FS_IRQHandler
 .text.TIM3_IRQHandler
                0x0000000008008ac8       0x14 DataLog/User/stm32l4xx_it.o
                0x0000000008008ac8                TIM3_IRQHandler
 .text.EXTI2_IRQHandler
                0x0000000008008adc        0xe DataLog/User/stm32l4xx_it.o
                0x0000000008008adc                EXTI2_IRQHandler
 *fill*         0x0000000008008aea        0x2 
 .text._sbrk    0x0000000008008aec       0x58 DataLog/User/syscalls.o
                0x0000000008008aec                _sbrk
 .text._write   0x0000000008008b44       0x38 DataLog/User/syscalls.o
                0x0000000008008b44                _write
 .text._close   0x0000000008008b7c       0x18 DataLog/User/syscalls.o
                0x0000000008008b7c                _close
 .text._fstat   0x0000000008008b94       0x20 DataLog/User/syscalls.o
                0x0000000008008b94                _fstat
 .text._isatty  0x0000000008008bb4       0x16 DataLog/User/syscalls.o
                0x0000000008008bb4                _isatty
 .text._lseek   0x0000000008008bca       0x1a DataLog/User/syscalls.o
                0x0000000008008bca                _lseek
 .text._read    0x0000000008008be4       0x22 DataLog/User/syscalls.o
                0x0000000008008be4                _read
 *fill*         0x0000000008008c06        0x2 
 .text.CDC_Itf_Init
                0x0000000008008c08       0x74 DataLog/User/usbd_cdc_interface.o
 .text.CDC_Itf_DeInit
                0x0000000008008c7c       0x10 DataLog/User/usbd_cdc_interface.o
 .text.CDC_Itf_Control
                0x0000000008008c8c      0x15c DataLog/User/usbd_cdc_interface.o
 .text.CDC_Fill_Buffer
                0x0000000008008de8       0x54 DataLog/User/usbd_cdc_interface.o
                0x0000000008008de8                CDC_Fill_Buffer
 .text.HAL_TIM_PeriodElapsedCallback
                0x0000000008008e3c       0x90 DataLog/User/usbd_cdc_interface.o
                0x0000000008008e3c                HAL_TIM_PeriodElapsedCallback
 .text.CDC_Itf_Receive
                0x0000000008008ecc       0x18 DataLog/User/usbd_cdc_interface.o
 .text.TIM_Config
                0x0000000008008ee4       0x40 DataLog/User/usbd_cdc_interface.o
 .text.Error_Handler
                0x0000000008008f24        0xe DataLog/User/usbd_cdc_interface.o
 *fill*         0x0000000008008f32        0x2 
 .text.HAL_PCD_MspInit
                0x0000000008008f34       0x78 DataLog/User/usbd_conf.o
                0x0000000008008f34                HAL_PCD_MspInit
 .text.HAL_PCD_SetupStageCallback
                0x0000000008008fac       0x24 DataLog/User/usbd_conf.o
                0x0000000008008fac                HAL_PCD_SetupStageCallback
 .text.HAL_PCD_DataOutStageCallback
                0x0000000008008fd0       0x36 DataLog/User/usbd_conf.o
                0x0000000008008fd0                HAL_PCD_DataOutStageCallback
 .text.HAL_PCD_DataInStageCallback
                0x0000000008009006       0x34 DataLog/User/usbd_conf.o
                0x0000000008009006                HAL_PCD_DataInStageCallback
 .text.HAL_PCD_SOFCallback
                0x000000000800903a       0x1c DataLog/User/usbd_conf.o
                0x000000000800903a                HAL_PCD_SOFCallback
 .text.HAL_PCD_ResetCallback
                0x0000000008009056       0x2a DataLog/User/usbd_conf.o
                0x0000000008009056                HAL_PCD_ResetCallback
 .text.HAL_PCD_SuspendCallback
                0x0000000008009080       0x1c DataLog/User/usbd_conf.o
                0x0000000008009080                HAL_PCD_SuspendCallback
 .text.HAL_PCD_ResumeCallback
                0x000000000800909c       0x1c DataLog/User/usbd_conf.o
                0x000000000800909c                HAL_PCD_ResumeCallback
 .text.HAL_PCD_ISOOUTIncompleteCallback
                0x00000000080090b8       0x24 DataLog/User/usbd_conf.o
                0x00000000080090b8                HAL_PCD_ISOOUTIncompleteCallback
 .text.HAL_PCD_ISOINIncompleteCallback
                0x00000000080090dc       0x24 DataLog/User/usbd_conf.o
                0x00000000080090dc                HAL_PCD_ISOINIncompleteCallback
 .text.HAL_PCD_ConnectCallback
                0x0000000008009100       0x1c DataLog/User/usbd_conf.o
                0x0000000008009100                HAL_PCD_ConnectCallback
 .text.HAL_PCD_DisconnectCallback
                0x000000000800911c       0x1c DataLog/User/usbd_conf.o
                0x000000000800911c                HAL_PCD_DisconnectCallback
 .text.USBD_LL_Init
                0x0000000008009138       0x94 DataLog/User/usbd_conf.o
                0x0000000008009138                USBD_LL_Init
 .text.USBD_LL_Start
                0x00000000080091cc       0x1e DataLog/User/usbd_conf.o
                0x00000000080091cc                USBD_LL_Start
 .text.USBD_LL_OpenEP
                0x00000000080091ea       0x34 DataLog/User/usbd_conf.o
                0x00000000080091ea                USBD_LL_OpenEP
 .text.USBD_LL_CloseEP
                0x000000000800921e       0x26 DataLog/User/usbd_conf.o
                0x000000000800921e                USBD_LL_CloseEP
 .text.USBD_LL_StallEP
                0x0000000008009244       0x26 DataLog/User/usbd_conf.o
                0x0000000008009244                USBD_LL_StallEP
 .text.USBD_LL_ClearStallEP
                0x000000000800926a       0x26 DataLog/User/usbd_conf.o
                0x000000000800926a                USBD_LL_ClearStallEP
 .text.USBD_LL_IsStallEP
                0x0000000008009290       0x58 DataLog/User/usbd_conf.o
                0x0000000008009290                USBD_LL_IsStallEP
 .text.USBD_LL_SetUSBAddress
                0x00000000080092e8       0x26 DataLog/User/usbd_conf.o
                0x00000000080092e8                USBD_LL_SetUSBAddress
 .text.USBD_LL_Transmit
                0x000000000800930e       0x2e DataLog/User/usbd_conf.o
                0x000000000800930e                USBD_LL_Transmit
 .text.USBD_LL_PrepareReceive
                0x000000000800933c       0x2e DataLog/User/usbd_conf.o
                0x000000000800933c                USBD_LL_PrepareReceive
 .text.USBD_LL_GetRxDataSize
                0x000000000800936a       0x26 DataLog/User/usbd_conf.o
                0x000000000800936a                USBD_LL_GetRxDataSize
 .text.USBD_VCP_DeviceDescriptor
                0x0000000008009390       0x24 DataLog/User/usbd_desc.o
                0x0000000008009390                USBD_VCP_DeviceDescriptor
 .text.USBD_VCP_LangIDStrDescriptor
                0x00000000080093b4       0x24 DataLog/User/usbd_desc.o
                0x00000000080093b4                USBD_VCP_LangIDStrDescriptor
 .text.USBD_VCP_ProductStrDescriptor
                0x00000000080093d8       0x28 DataLog/User/usbd_desc.o
                0x00000000080093d8                USBD_VCP_ProductStrDescriptor
 .text.USBD_VCP_ManufacturerStrDescriptor
                0x0000000008009400       0x28 DataLog/User/usbd_desc.o
                0x0000000008009400                USBD_VCP_ManufacturerStrDescriptor
 .text.USBD_VCP_SerialStrDescriptor
                0x0000000008009428       0x24 DataLog/User/usbd_desc.o
                0x0000000008009428                USBD_VCP_SerialStrDescriptor
 .text.USBD_VCP_ConfigStrDescriptor
                0x000000000800944c       0x28 DataLog/User/usbd_desc.o
                0x000000000800944c                USBD_VCP_ConfigStrDescriptor
 .text.USBD_VCP_InterfaceStrDescriptor
                0x0000000008009474       0x28 DataLog/User/usbd_desc.o
                0x0000000008009474                USBD_VCP_InterfaceStrDescriptor
 .text.Get_SerialNum
                0x000000000800949c       0x58 DataLog/User/usbd_desc.o
 .text.IntToUnicode
                0x00000000080094f4       0x7c DataLog/User/usbd_desc.o
 .text.HTS221_ReadReg
                0x0000000008009570       0x32 Drivers/BSP/Components/HTS221_Driver.o
                0x0000000008009570                HTS221_ReadReg
 .text.HTS221_WriteReg
                0x00000000080095a2       0x32 Drivers/BSP/Components/HTS221_Driver.o
                0x00000000080095a2                HTS221_WriteReg
 .text.HTS221_Get_DeviceID
                0x00000000080095d4       0x2a Drivers/BSP/Components/HTS221_Driver.o
                0x00000000080095d4                HTS221_Get_DeviceID
 *fill*         0x00000000080095fe        0x2 
 .text.HTS221_Get_Humidity
                0x0000000008009600      0x154 Drivers/BSP/Components/HTS221_Driver.o
                0x0000000008009600                HTS221_Get_Humidity
 .text.HTS221_Get_Temperature
                0x0000000008009754      0x14c Drivers/BSP/Components/HTS221_Driver.o
                0x0000000008009754                HTS221_Get_Temperature
 .text.HTS221_Get_DataStatus
                0x00000000080098a0       0x48 Drivers/BSP/Components/HTS221_Driver.o
                0x00000000080098a0                HTS221_Get_DataStatus
 .text.HTS221_Activate
                0x00000000080098e8       0x4c Drivers/BSP/Components/HTS221_Driver.o
                0x00000000080098e8                HTS221_Activate
 .text.HTS221_DeActivate
                0x0000000008009934       0x4c Drivers/BSP/Components/HTS221_Driver.o
                0x0000000008009934                HTS221_DeActivate
 .text.HTS221_Set_BduMode
                0x0000000008009980       0x7c Drivers/BSP/Components/HTS221_Driver.o
                0x0000000008009980                HTS221_Set_BduMode
 .text.HTS221_Set_Odr
                0x00000000080099fc       0x80 Drivers/BSP/Components/HTS221_Driver.o
                0x00000000080099fc                HTS221_Set_Odr
 .text.HTS221_Get_Odr
                0x0000000008009a7c       0x3c Drivers/BSP/Components/HTS221_Driver.o
                0x0000000008009a7c                HTS221_Get_Odr
 .text.HTS221_assert_failed
                0x0000000008009ab8       0x1c Drivers/BSP/Components/HTS221_Driver.o
                0x0000000008009ab8                HTS221_assert_failed
 .text.HTS221_H_Init
                0x0000000008009ad4       0x42 Drivers/BSP/Components/HTS221_Driver_HL.o
 .text.HTS221_H_DeInit
                0x0000000008009b16       0x42 Drivers/BSP/Components/HTS221_Driver_HL.o
 .text.HTS221_H_Sensor_Enable
                0x0000000008009b58       0x4e Drivers/BSP/Components/HTS221_Driver_HL.o
 .text.HTS221_H_Sensor_Disable
                0x0000000008009ba6       0x4e Drivers/BSP/Components/HTS221_Driver_HL.o
 .text.HTS221_H_Get_WhoAmI
                0x0000000008009bf4       0x1c Drivers/BSP/Components/HTS221_Driver_HL.o
 .text.HTS221_H_Check_WhoAmI
                0x0000000008009c10       0x18 Drivers/BSP/Components/HTS221_Driver_HL.o
 .text.HTS221_H_Get_Hum
                0x0000000008009c28       0x1c Drivers/BSP/Components/HTS221_Driver_HL.o
 .text.HTS221_H_Get_ODR
                0x0000000008009c44       0x1c Drivers/BSP/Components/HTS221_Driver_HL.o
 .text.HTS221_H_Set_ODR
                0x0000000008009c60       0x20 Drivers/BSP/Components/HTS221_Driver_HL.o
 .text.HTS221_H_Set_ODR_Value
                0x0000000008009c80       0x20 Drivers/BSP/Components/HTS221_Driver_HL.o
 .text.HTS221_H_Read_Reg
                0x0000000008009ca0       0x2e Drivers/BSP/Components/HTS221_Driver_HL.o
 .text.HTS221_H_Write_Reg
                0x0000000008009cce       0x30 Drivers/BSP/Components/HTS221_Driver_HL.o
 .text.HTS221_H_Get_DRDY_Status
                0x0000000008009cfe       0x4c Drivers/BSP/Components/HTS221_Driver_HL.o
 .text.HTS221_T_Init
                0x0000000008009d4a       0x42 Drivers/BSP/Components/HTS221_Driver_HL.o
 .text.HTS221_T_DeInit
                0x0000000008009d8c       0x42 Drivers/BSP/Components/HTS221_Driver_HL.o
 .text.HTS221_T_Sensor_Enable
                0x0000000008009dce       0x4e Drivers/BSP/Components/HTS221_Driver_HL.o
 .text.HTS221_T_Sensor_Disable
                0x0000000008009e1c       0x4e Drivers/BSP/Components/HTS221_Driver_HL.o
 .text.HTS221_T_Get_WhoAmI
                0x0000000008009e6a       0x1c Drivers/BSP/Components/HTS221_Driver_HL.o
 .text.HTS221_T_Check_WhoAmI
                0x0000000008009e86       0x18 Drivers/BSP/Components/HTS221_Driver_HL.o
 .text.HTS221_T_Get_Temp
                0x0000000008009e9e       0x1c Drivers/BSP/Components/HTS221_Driver_HL.o
 .text.HTS221_T_Get_ODR
                0x0000000008009eba       0x1c Drivers/BSP/Components/HTS221_Driver_HL.o
 .text.HTS221_T_Set_ODR
                0x0000000008009ed6       0x20 Drivers/BSP/Components/HTS221_Driver_HL.o
 .text.HTS221_T_Set_ODR_Value
                0x0000000008009ef6       0x20 Drivers/BSP/Components/HTS221_Driver_HL.o
 .text.HTS221_T_Read_Reg
                0x0000000008009f16       0x2e Drivers/BSP/Components/HTS221_Driver_HL.o
 .text.HTS221_T_Write_Reg
                0x0000000008009f44       0x30 Drivers/BSP/Components/HTS221_Driver_HL.o
 .text.HTS221_T_Get_DRDY_Status
                0x0000000008009f74       0x4c Drivers/BSP/Components/HTS221_Driver_HL.o
 .text.HTS221_Init
                0x0000000008009fc0       0x56 Drivers/BSP/Components/HTS221_Driver_HL.o
 .text.HTS221_Sensor_Enable
                0x000000000800a016       0x22 Drivers/BSP/Components/HTS221_Driver_HL.o
 .text.HTS221_Sensor_Disable
                0x000000000800a038       0x22 Drivers/BSP/Components/HTS221_Driver_HL.o
 .text.HTS221_Get_WhoAmI
                0x000000000800a05a       0x26 Drivers/BSP/Components/HTS221_Driver_HL.o
 .text.HTS221_Check_WhoAmI
                0x000000000800a080       0x3a Drivers/BSP/Components/HTS221_Driver_HL.o
 .text.HTS221_Get_Hum
                0x000000000800a0ba       0x46 Drivers/BSP/Components/HTS221_Driver_HL.o
 .text.HTS221_Get_Temp
                0x000000000800a100       0x48 Drivers/BSP/Components/HTS221_Driver_HL.o
 .text.HTS221_Get_ODR
                0x000000000800a148       0x80 Drivers/BSP/Components/HTS221_Driver_HL.o
 .text.HTS221_Set_ODR
                0x000000000800a1c8       0x6c Drivers/BSP/Components/HTS221_Driver_HL.o
 .text.HTS221_Set_ODR_Value
                0x000000000800a234       0x5a Drivers/BSP/Components/HTS221_Driver_HL.o
 .text.HTS221_Read_Reg
                0x000000000800a28e       0x2e Drivers/BSP/Components/HTS221_Driver_HL.o
 .text.HTS221_Write_Reg
                0x000000000800a2bc       0x30 Drivers/BSP/Components/HTS221_Driver_HL.o
 .text.LPS22HB_ReadReg
                0x000000000800a2ec       0x32 Drivers/BSP/Components/LPS22HB_Driver.o
                0x000000000800a2ec                LPS22HB_ReadReg
 .text.LPS22HB_WriteReg
                0x000000000800a31e       0x32 Drivers/BSP/Components/LPS22HB_Driver.o
                0x000000000800a31e                LPS22HB_WriteReg
 .text.LPS22HB_Get_DeviceID
                0x000000000800a350       0x2a Drivers/BSP/Components/LPS22HB_Driver.o
                0x000000000800a350                LPS22HB_Get_DeviceID
 .text.LPS22HB_Set_PowerMode
                0x000000000800a37a       0x5a Drivers/BSP/Components/LPS22HB_Driver.o
                0x000000000800a37a                LPS22HB_Set_PowerMode
 .text.LPS22HB_Set_Odr
                0x000000000800a3d4       0x5a Drivers/BSP/Components/LPS22HB_Driver.o
                0x000000000800a3d4                LPS22HB_Set_Odr
 .text.LPS22HB_Get_Odr
                0x000000000800a42e       0x38 Drivers/BSP/Components/LPS22HB_Driver.o
                0x000000000800a42e                LPS22HB_Get_Odr
 .text.LPS22HB_Set_LowPassFilter
                0x000000000800a466       0x62 Drivers/BSP/Components/LPS22HB_Driver.o
                0x000000000800a466                LPS22HB_Set_LowPassFilter
 .text.LPS22HB_Set_LowPassFilterCutoff
                0x000000000800a4c8       0x5a Drivers/BSP/Components/LPS22HB_Driver.o
                0x000000000800a4c8                LPS22HB_Set_LowPassFilterCutoff
 .text.LPS22HB_Set_Bdu
                0x000000000800a522       0x5a Drivers/BSP/Components/LPS22HB_Driver.o
                0x000000000800a522                LPS22HB_Set_Bdu
 .text.LPS22HB_SwResetAndMemoryBoot
                0x000000000800a57c       0x4c Drivers/BSP/Components/LPS22HB_Driver.o
                0x000000000800a57c                LPS22HB_SwResetAndMemoryBoot
 .text.LPS22HB_Set_FifoModeUse
                0x000000000800a5c8       0x62 Drivers/BSP/Components/LPS22HB_Driver.o
                0x000000000800a5c8                LPS22HB_Set_FifoModeUse
 .text.LPS22HB_Set_FifoWatermarkLevelUse
                0x000000000800a62a       0x62 Drivers/BSP/Components/LPS22HB_Driver.o
                0x000000000800a62a                LPS22HB_Set_FifoWatermarkLevelUse
 .text.LPS22HB_Set_AutomaticIncrementRegAddress
                0x000000000800a68c       0x62 Drivers/BSP/Components/LPS22HB_Driver.o
                0x000000000800a68c                LPS22HB_Set_AutomaticIncrementRegAddress
 .text.LPS22HB_Set_I2C
                0x000000000800a6ee       0x66 Drivers/BSP/Components/LPS22HB_Driver.o
                0x000000000800a6ee                LPS22HB_Set_I2C
 .text.LPS22HB_Set_FIFO_OVR_Interrupt
                0x000000000800a754       0x62 Drivers/BSP/Components/LPS22HB_Driver.o
                0x000000000800a754                LPS22HB_Set_FIFO_OVR_Interrupt
 .text.LPS22HB_Set_FIFO_FTH_Interrupt
                0x000000000800a7b6       0x62 Drivers/BSP/Components/LPS22HB_Driver.o
                0x000000000800a7b6                LPS22HB_Set_FIFO_FTH_Interrupt
 .text.LPS22HB_Set_FIFO_FULL_Interrupt
                0x000000000800a818       0x62 Drivers/BSP/Components/LPS22HB_Driver.o
                0x000000000800a818                LPS22HB_Set_FIFO_FULL_Interrupt
 .text.LPS22HB_Get_DataStatus
                0x000000000800a87a       0x64 Drivers/BSP/Components/LPS22HB_Driver.o
                0x000000000800a87a                LPS22HB_Get_DataStatus
 .text.LPS22HB_Get_RawPressure
                0x000000000800a8de       0x76 Drivers/BSP/Components/LPS22HB_Driver.o
                0x000000000800a8de                LPS22HB_Get_RawPressure
 .text.LPS22HB_Get_Pressure
                0x000000000800a954       0x42 Drivers/BSP/Components/LPS22HB_Driver.o
                0x000000000800a954                LPS22HB_Get_Pressure
 .text.LPS22HB_Get_RawTemperature
                0x000000000800a996       0x44 Drivers/BSP/Components/LPS22HB_Driver.o
                0x000000000800a996                LPS22HB_Get_RawTemperature
 *fill*         0x000000000800a9da        0x2 
 .text.LPS22HB_Get_Temperature
                0x000000000800a9dc       0x50 Drivers/BSP/Components/LPS22HB_Driver.o
                0x000000000800a9dc                LPS22HB_Get_Temperature
 .text.LPS22HB_Set_FifoMode
                0x000000000800aa2c       0x5a Drivers/BSP/Components/LPS22HB_Driver.o
                0x000000000800aa2c                LPS22HB_Set_FifoMode
 .text.LPS22HB_Get_FifoMode
                0x000000000800aa86       0x3c Drivers/BSP/Components/LPS22HB_Driver.o
                0x000000000800aa86                LPS22HB_Get_FifoMode
 .text.LPS22HB_Set_FifoWatermarkLevel
                0x000000000800aac2       0x5a Drivers/BSP/Components/LPS22HB_Driver.o
                0x000000000800aac2                LPS22HB_Set_FifoWatermarkLevel
 .text.LPS22HB_Get_FifoWatermarkLevel
                0x000000000800ab1c       0x38 Drivers/BSP/Components/LPS22HB_Driver.o
                0x000000000800ab1c                LPS22HB_Get_FifoWatermarkLevel
 .text.LPS22HB_Get_FifoStatus
                0x000000000800ab54       0x7e Drivers/BSP/Components/LPS22HB_Driver.o
                0x000000000800ab54                LPS22HB_Get_FifoStatus
 .text.LPS22HB_P_Init
                0x000000000800abd2       0x42 Drivers/BSP/Components/LPS22HB_Driver_HL.o
 .text.LPS22HB_P_DeInit
                0x000000000800ac14       0x40 Drivers/BSP/Components/LPS22HB_Driver_HL.o
 .text.LPS22HB_P_Sensor_Enable
                0x000000000800ac54       0x50 Drivers/BSP/Components/LPS22HB_Driver_HL.o
 .text.LPS22HB_P_Sensor_Disable
                0x000000000800aca4       0x4e Drivers/BSP/Components/LPS22HB_Driver_HL.o
 .text.LPS22HB_P_Get_WhoAmI
                0x000000000800acf2       0x1c Drivers/BSP/Components/LPS22HB_Driver_HL.o
 .text.LPS22HB_P_Check_WhoAmI
                0x000000000800ad0e       0x18 Drivers/BSP/Components/LPS22HB_Driver_HL.o
 .text.LPS22HB_P_Get_Press
                0x000000000800ad26       0x1c Drivers/BSP/Components/LPS22HB_Driver_HL.o
 .text.LPS22HB_P_Get_ODR
                0x000000000800ad42       0x1c Drivers/BSP/Components/LPS22HB_Driver_HL.o
 .text.LPS22HB_P_Set_ODR
                0x000000000800ad5e       0x54 Drivers/BSP/Components/LPS22HB_Driver_HL.o
 .text.LPS22HB_P_Set_ODR_Value
                0x000000000800adb2       0x54 Drivers/BSP/Components/LPS22HB_Driver_HL.o
 .text.LPS22HB_P_Read_Reg
                0x000000000800ae06       0x2e Drivers/BSP/Components/LPS22HB_Driver_HL.o
 .text.LPS22HB_P_Write_Reg
                0x000000000800ae34       0x30 Drivers/BSP/Components/LPS22HB_Driver_HL.o
 .text.LPS22HB_P_Get_DRDY_Status
                0x000000000800ae64       0x30 Drivers/BSP/Components/LPS22HB_Driver_HL.o
 .text.LPS22HB_T_Init
                0x000000000800ae94       0x42 Drivers/BSP/Components/LPS22HB_Driver_HL.o
 .text.LPS22HB_T_DeInit
                0x000000000800aed6       0x40 Drivers/BSP/Components/LPS22HB_Driver_HL.o
 .text.LPS22HB_T_Sensor_Enable
                0x000000000800af16       0x50 Drivers/BSP/Components/LPS22HB_Driver_HL.o
 .text.LPS22HB_T_Sensor_Disable
                0x000000000800af66       0x4e Drivers/BSP/Components/LPS22HB_Driver_HL.o
 .text.LPS22HB_T_Get_WhoAmI
                0x000000000800afb4       0x1c Drivers/BSP/Components/LPS22HB_Driver_HL.o
 .text.LPS22HB_T_Check_WhoAmI
                0x000000000800afd0       0x18 Drivers/BSP/Components/LPS22HB_Driver_HL.o
 .text.LPS22HB_T_Get_Temp
                0x000000000800afe8       0x1c Drivers/BSP/Components/LPS22HB_Driver_HL.o
 .text.LPS22HB_T_Get_ODR
                0x000000000800b004       0x1c Drivers/BSP/Components/LPS22HB_Driver_HL.o
 .text.LPS22HB_T_Set_ODR
                0x000000000800b020       0x54 Drivers/BSP/Components/LPS22HB_Driver_HL.o
 .text.LPS22HB_T_Set_ODR_Value
                0x000000000800b074       0x54 Drivers/BSP/Components/LPS22HB_Driver_HL.o
 .text.LPS22HB_T_Read_Reg
                0x000000000800b0c8       0x2e Drivers/BSP/Components/LPS22HB_Driver_HL.o
 .text.LPS22HB_T_Write_Reg
                0x000000000800b0f6       0x30 Drivers/BSP/Components/LPS22HB_Driver_HL.o
 .text.LPS22HB_T_Get_DRDY_Status
                0x000000000800b126       0x30 Drivers/BSP/Components/LPS22HB_Driver_HL.o
 *fill*         0x000000000800b156        0x2 
 .text.LPS22HB_Initialize
                0x000000000800b158       0xbc Drivers/BSP/Components/LPS22HB_Driver_HL.o
 .text.LPS22HB_Get_WhoAmI
                0x000000000800b214       0x26 Drivers/BSP/Components/LPS22HB_Driver_HL.o
 .text.LPS22HB_Check_WhoAmI
                0x000000000800b23a       0x3a Drivers/BSP/Components/LPS22HB_Driver_HL.o
 .text.LPS22HB_Get_Press
                0x000000000800b274       0x4c Drivers/BSP/Components/LPS22HB_Driver_HL.o
 .text.LPS22HB_Get_Temp
                0x000000000800b2c0       0x48 Drivers/BSP/Components/LPS22HB_Driver_HL.o
 .text.LPS22HB_Get_ODR
                0x000000000800b308       0xa0 Drivers/BSP/Components/LPS22HB_Driver_HL.o
 .text.LPS22HB_Set_ODR_When_Enabled
                0x000000000800b3a8       0x88 Drivers/BSP/Components/LPS22HB_Driver_HL.o
 .text.LPS22HB_Set_ODR_When_Disabled
                0x000000000800b430       0x7c Drivers/BSP/Components/LPS22HB_Driver_HL.o
 .text.LPS22HB_Set_ODR_Value_When_Enabled
                0x000000000800b4ac       0xa4 Drivers/BSP/Components/LPS22HB_Driver_HL.o
 .text.LPS22HB_Set_ODR_Value_When_Disabled
                0x000000000800b550       0x90 Drivers/BSP/Components/LPS22HB_Driver_HL.o
 .text.LPS22HB_Read_Reg
                0x000000000800b5e0       0x2e Drivers/BSP/Components/LPS22HB_Driver_HL.o
 .text.LPS22HB_Write_Reg
                0x000000000800b60e       0x30 Drivers/BSP/Components/LPS22HB_Driver_HL.o
 .text.LPS22HB_FIFO_Get_Empty_Status
                0x000000000800b63e       0x30 Drivers/BSP/Components/LPS22HB_Driver_HL.o
 .text.LPS22HB_FIFO_Get_Full_Status
                0x000000000800b66e       0x30 Drivers/BSP/Components/LPS22HB_Driver_HL.o
 .text.LPS22HB_FIFO_Get_Ovr_Status
                0x000000000800b69e       0x30 Drivers/BSP/Components/LPS22HB_Driver_HL.o
 .text.LPS22HB_FIFO_Get_Fth_Status
                0x000000000800b6ce       0x30 Drivers/BSP/Components/LPS22HB_Driver_HL.o
 .text.LPS22HB_FIFO_Stop_On_Fth
                0x000000000800b6fe       0x38 Drivers/BSP/Components/LPS22HB_Driver_HL.o
 .text.LPS22HB_FIFO_Usage
                0x000000000800b736       0x38 Drivers/BSP/Components/LPS22HB_Driver_HL.o
 .text.LPS22HB_FIFO_Get_Num_Of_Samples
                0x000000000800b76e       0x30 Drivers/BSP/Components/LPS22HB_Driver_HL.o
 .text.LPS22HB_FIFO_Get_Data
                0x000000000800b79e       0x3a Drivers/BSP/Components/LPS22HB_Driver_HL.o
 .text.LPS22HB_FIFO_Get_Mode
                0x000000000800b7d8       0x30 Drivers/BSP/Components/LPS22HB_Driver_HL.o
 .text.LPS22HB_FIFO_Set_Mode
                0x000000000800b808       0x50 Drivers/BSP/Components/LPS22HB_Driver_HL.o
 .text.LPS22HB_FIFO_Get_Watermark_Level
                0x000000000800b858       0x26 Drivers/BSP/Components/LPS22HB_Driver_HL.o
 .text.LPS22HB_FIFO_Set_Watermark_Level
                0x000000000800b87e       0x2a Drivers/BSP/Components/LPS22HB_Driver_HL.o
 .text.LPS22HB_FIFO_Watermark_Usage
                0x000000000800b8a8       0x38 Drivers/BSP/Components/LPS22HB_Driver_HL.o
 .text.LPS22HB_FIFO_Set_Interrupt
                0x000000000800b8e0       0x68 Drivers/BSP/Components/LPS22HB_Driver_HL.o
 .text.LPS22HB_FIFO_Reset_Interrupt
                0x000000000800b948       0x68 Drivers/BSP/Components/LPS22HB_Driver_HL.o
 .text.LSM303AGR_ACC_WriteReg
                0x000000000800b9b0       0x34 Drivers/BSP/Components/LSM303AGR_ACC_driver.o
                0x000000000800b9b0                LSM303AGR_ACC_WriteReg
 .text.LSM303AGR_ACC_ReadReg
                0x000000000800b9e4       0x34 Drivers/BSP/Components/LSM303AGR_ACC_driver.o
                0x000000000800b9e4                LSM303AGR_ACC_ReadReg
 .text.LSM303AGR_ACC_R_WHO_AM_I
                0x000000000800ba18       0x3a Drivers/BSP/Components/LSM303AGR_ACC_driver.o
                0x000000000800ba18                LSM303AGR_ACC_R_WHO_AM_I
 .text.LSM303AGR_ACC_W_BlockDataUpdate
                0x000000000800ba52       0x5a Drivers/BSP/Components/LSM303AGR_ACC_driver.o
                0x000000000800ba52                LSM303AGR_ACC_W_BlockDataUpdate
 .text.LSM303AGR_ACC_W_FullScale
                0x000000000800baac       0x5a Drivers/BSP/Components/LSM303AGR_ACC_driver.o
                0x000000000800baac                LSM303AGR_ACC_W_FullScale
 .text.LSM303AGR_ACC_R_FullScale
                0x000000000800bb06       0x38 Drivers/BSP/Components/LSM303AGR_ACC_driver.o
                0x000000000800bb06                LSM303AGR_ACC_R_FullScale
 .text.LSM303AGR_ACC_Get_Raw_Acceleration
                0x000000000800bb3e       0x2a Drivers/BSP/Components/LSM303AGR_ACC_driver.o
                0x000000000800bb3e                LSM303AGR_ACC_Get_Raw_Acceleration
 .text.LSM303AGR_ACC_Get_Acceleration
                0x000000000800bb68      0x1cc Drivers/BSP/Components/LSM303AGR_ACC_driver.o
                0x000000000800bb68                LSM303AGR_ACC_Get_Acceleration
 .text.LSM303AGR_ACC_W_ODR
                0x000000000800bd34       0x5a Drivers/BSP/Components/LSM303AGR_ACC_driver.o
                0x000000000800bd34                LSM303AGR_ACC_W_ODR
 .text.LSM303AGR_ACC_R_ODR
                0x000000000800bd8e       0x38 Drivers/BSP/Components/LSM303AGR_ACC_driver.o
                0x000000000800bd8e                LSM303AGR_ACC_R_ODR
 .text.LSM303AGR_ACC_W_XEN
                0x000000000800bdc6       0x5a Drivers/BSP/Components/LSM303AGR_ACC_driver.o
                0x000000000800bdc6                LSM303AGR_ACC_W_XEN
 .text.LSM303AGR_ACC_R_XEN
                0x000000000800be20       0x38 Drivers/BSP/Components/LSM303AGR_ACC_driver.o
                0x000000000800be20                LSM303AGR_ACC_R_XEN
 .text.LSM303AGR_ACC_W_YEN
                0x000000000800be58       0x5a Drivers/BSP/Components/LSM303AGR_ACC_driver.o
                0x000000000800be58                LSM303AGR_ACC_W_YEN
 .text.LSM303AGR_ACC_R_YEN
                0x000000000800beb2       0x38 Drivers/BSP/Components/LSM303AGR_ACC_driver.o
                0x000000000800beb2                LSM303AGR_ACC_R_YEN
 .text.LSM303AGR_ACC_W_ZEN
                0x000000000800beea       0x5a Drivers/BSP/Components/LSM303AGR_ACC_driver.o
                0x000000000800beea                LSM303AGR_ACC_W_ZEN
 .text.LSM303AGR_ACC_R_ZEN
                0x000000000800bf44       0x38 Drivers/BSP/Components/LSM303AGR_ACC_driver.o
                0x000000000800bf44                LSM303AGR_ACC_R_ZEN
 .text.LSM303AGR_ACC_R_LOWPWR_EN
                0x000000000800bf7c       0x38 Drivers/BSP/Components/LSM303AGR_ACC_driver.o
                0x000000000800bf7c                LSM303AGR_ACC_R_LOWPWR_EN
 .text.LSM303AGR_ACC_R_HiRes
                0x000000000800bfb4       0x38 Drivers/BSP/Components/LSM303AGR_ACC_driver.o
                0x000000000800bfb4                LSM303AGR_ACC_R_HiRes
 .text.LSM303AGR_ACC_R_XDataAvail
                0x000000000800bfec       0x38 Drivers/BSP/Components/LSM303AGR_ACC_driver.o
                0x000000000800bfec                LSM303AGR_ACC_R_XDataAvail
 .text.LSM303AGR_ACC_W_FifoMode
                0x000000000800c024       0x5a Drivers/BSP/Components/LSM303AGR_ACC_driver.o
                0x000000000800c024                LSM303AGR_ACC_W_FifoMode
 *fill*         0x000000000800c07e        0x2 
 .text.LSM303AGR_X_Init
                0x000000000800c080       0xc0 Drivers/BSP/Components/LSM303AGR_ACC_driver_HL.o
 .text.LSM303AGR_X_DeInit
                0x000000000800c140       0x58 Drivers/BSP/Components/LSM303AGR_ACC_driver_HL.o
 .text.LSM303AGR_X_Sensor_Enable
                0x000000000800c198       0x4a Drivers/BSP/Components/LSM303AGR_ACC_driver_HL.o
 .text.LSM303AGR_X_Sensor_Disable
                0x000000000800c1e2       0x58 Drivers/BSP/Components/LSM303AGR_ACC_driver_HL.o
 .text.LSM303AGR_X_Get_WhoAmI
                0x000000000800c23a       0x26 Drivers/BSP/Components/LSM303AGR_ACC_driver_HL.o
 .text.LSM303AGR_X_Check_WhoAmI
                0x000000000800c260       0x3a Drivers/BSP/Components/LSM303AGR_ACC_driver_HL.o
 .text.LSM303AGR_X_Get_Axes
                0x000000000800c29a       0x3c Drivers/BSP/Components/LSM303AGR_ACC_driver_HL.o
 .text.LSM303AGR_X_Get_AxesRaw
                0x000000000800c2d6       0x42 Drivers/BSP/Components/LSM303AGR_ACC_driver_HL.o
 .text.LSM303AGR_X_Get_Sensitivity
                0x000000000800c318       0x88 Drivers/BSP/Components/LSM303AGR_ACC_driver_HL.o
 .text.LSM303AGR_X_Get_ODR
                0x000000000800c3a0       0xc4 Drivers/BSP/Components/LSM303AGR_ACC_driver_HL.o
 .text.LSM303AGR_X_Set_ODR
                0x000000000800c464       0x46 Drivers/BSP/Components/LSM303AGR_ACC_driver_HL.o
 .text.LSM303AGR_X_Set_ODR_Value
                0x000000000800c4aa       0x46 Drivers/BSP/Components/LSM303AGR_ACC_driver_HL.o
 .text.LSM303AGR_X_Get_FS
                0x000000000800c4f0       0x7c Drivers/BSP/Components/LSM303AGR_ACC_driver_HL.o
 .text.LSM303AGR_X_Set_FS
                0x000000000800c56c       0x4e Drivers/BSP/Components/LSM303AGR_ACC_driver_HL.o
 .text.LSM303AGR_X_Set_FS_Value
                0x000000000800c5ba       0x70 Drivers/BSP/Components/LSM303AGR_ACC_driver_HL.o
 .text.LSM303AGR_X_Get_Axes_Status
                0x000000000800c62a       0x8c Drivers/BSP/Components/LSM303AGR_ACC_driver_HL.o
 .text.LSM303AGR_X_Set_Axes_Status
                0x000000000800c6b6       0x78 Drivers/BSP/Components/LSM303AGR_ACC_driver_HL.o
 .text.LSM303AGR_X_Read_Reg
                0x000000000800c72e       0x2e Drivers/BSP/Components/LSM303AGR_ACC_driver_HL.o
 .text.LSM303AGR_X_Write_Reg
                0x000000000800c75c       0x30 Drivers/BSP/Components/LSM303AGR_ACC_driver_HL.o
 .text.LSM303AGR_X_Get_DRDY_Status
                0x000000000800c78c       0x48 Drivers/BSP/Components/LSM303AGR_ACC_driver_HL.o
 .text.LSM303AGR_X_Get_Axes_Raw
                0x000000000800c7d4       0xce Drivers/BSP/Components/LSM303AGR_ACC_driver_HL.o
 *fill*         0x000000000800c8a2        0x2 
 .text.LSM303AGR_X_Set_ODR_When_Enabled
                0x000000000800c8a4       0x6c Drivers/BSP/Components/LSM303AGR_ACC_driver_HL.o
 .text.LSM303AGR_X_Set_ODR_When_Disabled
                0x000000000800c910       0x84 Drivers/BSP/Components/LSM303AGR_ACC_driver_HL.o
 .text.LSM303AGR_X_Set_ODR_Value_When_Enabled
                0x000000000800c994       0xc0 Drivers/BSP/Components/LSM303AGR_ACC_driver_HL.o
 .text.LSM303AGR_X_Set_ODR_Value_When_Disabled
                0x000000000800ca54       0xd8 Drivers/BSP/Components/LSM303AGR_ACC_driver_HL.o
 .text.LSM303AGR_X_Get_Sensitivity_Normal_Mode
                0x000000000800cb2c       0x84 Drivers/BSP/Components/LSM303AGR_ACC_driver_HL.o
 .text.LSM303AGR_X_Get_Sensitivity_LP_Mode
                0x000000000800cbb0       0x84 Drivers/BSP/Components/LSM303AGR_ACC_driver_HL.o
 .text.LSM303AGR_X_Get_Sensitivity_HR_Mode
                0x000000000800cc34       0x84 Drivers/BSP/Components/LSM303AGR_ACC_driver_HL.o
 .text.LSM303AGR_MAG_WriteReg
                0x000000000800ccb8       0x34 Drivers/BSP/Components/LSM303AGR_MAG_driver.o
                0x000000000800ccb8                LSM303AGR_MAG_WriteReg
 .text.LSM303AGR_MAG_ReadReg
                0x000000000800ccec       0x34 Drivers/BSP/Components/LSM303AGR_MAG_driver.o
                0x000000000800ccec                LSM303AGR_MAG_ReadReg
 .text.LSM303AGR_MAG_R_WHO_AM_I
                0x000000000800cd20       0x3a Drivers/BSP/Components/LSM303AGR_MAG_driver.o
                0x000000000800cd20                LSM303AGR_MAG_R_WHO_AM_I
 .text.LSM303AGR_MAG_W_BDU
                0x000000000800cd5a       0x5a Drivers/BSP/Components/LSM303AGR_MAG_driver.o
                0x000000000800cd5a                LSM303AGR_MAG_W_BDU
 .text.LSM303AGR_MAG_W_MD
                0x000000000800cdb4       0x5a Drivers/BSP/Components/LSM303AGR_MAG_driver.o
                0x000000000800cdb4                LSM303AGR_MAG_W_MD
 .text.LSM303AGR_MAG_Get_Raw_Magnetic
                0x000000000800ce0e       0x2a Drivers/BSP/Components/LSM303AGR_MAG_driver.o
                0x000000000800ce0e                LSM303AGR_MAG_Get_Raw_Magnetic
 .text.LSM303AGR_MAG_W_ODR
                0x000000000800ce38       0x5a Drivers/BSP/Components/LSM303AGR_MAG_driver.o
                0x000000000800ce38                LSM303AGR_MAG_W_ODR
 .text.LSM303AGR_MAG_R_ODR
                0x000000000800ce92       0x38 Drivers/BSP/Components/LSM303AGR_MAG_driver.o
                0x000000000800ce92                LSM303AGR_MAG_R_ODR
 .text.LSM303AGR_MAG_W_ST
                0x000000000800ceca       0x5a Drivers/BSP/Components/LSM303AGR_MAG_driver.o
                0x000000000800ceca                LSM303AGR_MAG_W_ST
 .text.LSM303AGR_MAG_W_I2C_DIS
                0x000000000800cf24       0x5a Drivers/BSP/Components/LSM303AGR_MAG_driver.o
                0x000000000800cf24                LSM303AGR_MAG_W_I2C_DIS
 .text.LSM303AGR_MAG_R_ZYXDA
                0x000000000800cf7e       0x38 Drivers/BSP/Components/LSM303AGR_MAG_driver.o
                0x000000000800cf7e                LSM303AGR_MAG_R_ZYXDA
 .text.LSM303AGR_M_Init
                0x000000000800cfb6       0x9a Drivers/BSP/Components/LSM303AGR_MAG_driver_HL.o
 .text.LSM303AGR_M_DeInit
                0x000000000800d050       0x50 Drivers/BSP/Components/LSM303AGR_MAG_driver_HL.o
 .text.LSM303AGR_M_Sensor_Enable
                0x000000000800d0a0       0x36 Drivers/BSP/Components/LSM303AGR_MAG_driver_HL.o
 .text.LSM303AGR_M_Sensor_Disable
                0x000000000800d0d6       0x36 Drivers/BSP/Components/LSM303AGR_MAG_driver_HL.o
 .text.LSM303AGR_M_Get_WhoAmI
                0x000000000800d10c       0x26 Drivers/BSP/Components/LSM303AGR_MAG_driver_HL.o
 .text.LSM303AGR_M_Check_WhoAmI
                0x000000000800d132       0x3a Drivers/BSP/Components/LSM303AGR_MAG_driver_HL.o
 .text.LSM303AGR_M_Get_Axes
                0x000000000800d16c       0xa6 Drivers/BSP/Components/LSM303AGR_MAG_driver_HL.o
 .text.LSM303AGR_M_Get_AxesRaw
                0x000000000800d212       0x42 Drivers/BSP/Components/LSM303AGR_MAG_driver_HL.o
 .text.LSM303AGR_M_Get_Sensitivity
                0x000000000800d254       0x20 Drivers/BSP/Components/LSM303AGR_MAG_driver_HL.o
 .text.LSM303AGR_M_Get_ODR
                0x000000000800d274       0xa8 Drivers/BSP/Components/LSM303AGR_MAG_driver_HL.o
 .text.LSM303AGR_M_Set_ODR
                0x000000000800d31c       0x6c Drivers/BSP/Components/LSM303AGR_MAG_driver_HL.o
 .text.LSM303AGR_M_Set_ODR_Value
                0x000000000800d388       0x74 Drivers/BSP/Components/LSM303AGR_MAG_driver_HL.o
 .text.LSM303AGR_M_Get_FS
                0x000000000800d3fc       0x24 Drivers/BSP/Components/LSM303AGR_MAG_driver_HL.o
 .text.LSM303AGR_M_Set_FS
                0x000000000800d420       0x1a Drivers/BSP/Components/LSM303AGR_MAG_driver_HL.o
 .text.LSM303AGR_M_Set_FS_Value
                0x000000000800d43a       0x1a Drivers/BSP/Components/LSM303AGR_MAG_driver_HL.o
 .text.LSM303AGR_M_Read_Reg
                0x000000000800d454       0x2e Drivers/BSP/Components/LSM303AGR_MAG_driver_HL.o
 .text.LSM303AGR_M_Write_Reg
                0x000000000800d482       0x30 Drivers/BSP/Components/LSM303AGR_MAG_driver_HL.o
 .text.LSM303AGR_M_Get_DRDY_Status
                0x000000000800d4b2       0x48 Drivers/BSP/Components/LSM303AGR_MAG_driver_HL.o
 .text.LSM303AGR_M_Get_Axes_Raw
                0x000000000800d4fa       0x5c Drivers/BSP/Components/LSM303AGR_MAG_driver_HL.o
 .text.LSM6DSM_ACC_GYRO_ReadReg
                0x000000000800d556       0x2e Drivers/BSP/Components/LSM6DSM_ACC_GYRO_driver.o
                0x000000000800d556                LSM6DSM_ACC_GYRO_ReadReg
 .text.LSM6DSM_ACC_GYRO_WriteReg
                0x000000000800d584       0x30 Drivers/BSP/Components/LSM6DSM_ACC_GYRO_driver.o
                0x000000000800d584                LSM6DSM_ACC_GYRO_WriteReg
 .text.LSM6DSM_ACC_GYRO_W_EmbeddedAccess
                0x000000000800d5b4       0x58 Drivers/BSP/Components/LSM6DSM_ACC_GYRO_driver.o
                0x000000000800d5b4                LSM6DSM_ACC_GYRO_W_EmbeddedAccess
 .text.LSM6DSM_ACC_GYRO_W_FIFO_MODE
                0x000000000800d60c       0x58 Drivers/BSP/Components/LSM6DSM_ACC_GYRO_driver.o
                0x000000000800d60c                LSM6DSM_ACC_GYRO_W_FIFO_MODE
 .text.LSM6DSM_ACC_GYRO_W_STEP_DELTA_on_INT2
                0x000000000800d664       0x58 Drivers/BSP/Components/LSM6DSM_ACC_GYRO_driver.o
                0x000000000800d664                LSM6DSM_ACC_GYRO_W_STEP_DELTA_on_INT2
 .text.LSM6DSM_ACC_GYRO_R_WHO_AM_I
                0x000000000800d6bc       0x38 Drivers/BSP/Components/LSM6DSM_ACC_GYRO_driver.o
                0x000000000800d6bc                LSM6DSM_ACC_GYRO_R_WHO_AM_I
 .text.LSM6DSM_ACC_GYRO_W_FS_XL
                0x000000000800d6f4       0x58 Drivers/BSP/Components/LSM6DSM_ACC_GYRO_driver.o
                0x000000000800d6f4                LSM6DSM_ACC_GYRO_W_FS_XL
 .text.LSM6DSM_ACC_GYRO_R_FS_XL
                0x000000000800d74c       0x36 Drivers/BSP/Components/LSM6DSM_ACC_GYRO_driver.o
                0x000000000800d74c                LSM6DSM_ACC_GYRO_R_FS_XL
 .text.LSM6DSM_ACC_GYRO_W_ODR_XL
                0x000000000800d782       0x58 Drivers/BSP/Components/LSM6DSM_ACC_GYRO_driver.o
                0x000000000800d782                LSM6DSM_ACC_GYRO_W_ODR_XL
 .text.LSM6DSM_ACC_GYRO_R_ODR_XL
                0x000000000800d7da       0x36 Drivers/BSP/Components/LSM6DSM_ACC_GYRO_driver.o
                0x000000000800d7da                LSM6DSM_ACC_GYRO_R_ODR_XL
 .text.LSM6DSM_ACC_GYRO_W_FS_125
                0x000000000800d810       0x58 Drivers/BSP/Components/LSM6DSM_ACC_GYRO_driver.o
                0x000000000800d810                LSM6DSM_ACC_GYRO_W_FS_125
 .text.LSM6DSM_ACC_GYRO_R_FS_125
                0x000000000800d868       0x36 Drivers/BSP/Components/LSM6DSM_ACC_GYRO_driver.o
                0x000000000800d868                LSM6DSM_ACC_GYRO_R_FS_125
 .text.LSM6DSM_ACC_GYRO_W_FS_G
                0x000000000800d89e       0x58 Drivers/BSP/Components/LSM6DSM_ACC_GYRO_driver.o
                0x000000000800d89e                LSM6DSM_ACC_GYRO_W_FS_G
 .text.LSM6DSM_ACC_GYRO_R_FS_G
                0x000000000800d8f6       0x36 Drivers/BSP/Components/LSM6DSM_ACC_GYRO_driver.o
                0x000000000800d8f6                LSM6DSM_ACC_GYRO_R_FS_G
 .text.LSM6DSM_ACC_GYRO_W_ODR_G
                0x000000000800d92c       0x58 Drivers/BSP/Components/LSM6DSM_ACC_GYRO_driver.o
                0x000000000800d92c                LSM6DSM_ACC_GYRO_W_ODR_G
 .text.LSM6DSM_ACC_GYRO_R_ODR_G
                0x000000000800d984       0x36 Drivers/BSP/Components/LSM6DSM_ACC_GYRO_driver.o
                0x000000000800d984                LSM6DSM_ACC_GYRO_R_ODR_G
 .text.LSM6DSM_ACC_GYRO_W_IF_Addr_Incr
                0x000000000800d9ba       0x58 Drivers/BSP/Components/LSM6DSM_ACC_GYRO_driver.o
                0x000000000800d9ba                LSM6DSM_ACC_GYRO_W_IF_Addr_Incr
 .text.LSM6DSM_ACC_GYRO_W_BDU
                0x000000000800da12       0x58 Drivers/BSP/Components/LSM6DSM_ACC_GYRO_driver.o
                0x000000000800da12                LSM6DSM_ACC_GYRO_W_BDU
 .text.LSM6DSM_ACC_GYRO_W_I2C_DISABLE
                0x000000000800da6a       0x58 Drivers/BSP/Components/LSM6DSM_ACC_GYRO_driver.o
                0x000000000800da6a                LSM6DSM_ACC_GYRO_W_I2C_DISABLE
 .text.LSM6DSM_ACC_GYRO_W_PedoStepReset
                0x000000000800dac2       0x58 Drivers/BSP/Components/LSM6DSM_ACC_GYRO_driver.o
                0x000000000800dac2                LSM6DSM_ACC_GYRO_W_PedoStepReset
 .text.LSM6DSM_ACC_GYRO_W_TILT
                0x000000000800db1a       0x58 Drivers/BSP/Components/LSM6DSM_ACC_GYRO_driver.o
                0x000000000800db1a                LSM6DSM_ACC_GYRO_W_TILT
 .text.LSM6DSM_ACC_GYRO_W_PEDO
                0x000000000800db72       0x58 Drivers/BSP/Components/LSM6DSM_ACC_GYRO_driver.o
                0x000000000800db72                LSM6DSM_ACC_GYRO_W_PEDO
 .text.LSM6DSM_ACC_GYRO_W_FUNC_EN
                0x000000000800dbca       0x58 Drivers/BSP/Components/LSM6DSM_ACC_GYRO_driver.o
                0x000000000800dbca                LSM6DSM_ACC_GYRO_W_FUNC_EN
 .text.LSM6DSM_ACC_GYRO_R_WU_EV_STATUS
                0x000000000800dc22       0x36 Drivers/BSP/Components/LSM6DSM_ACC_GYRO_driver.o
                0x000000000800dc22                LSM6DSM_ACC_GYRO_R_WU_EV_STATUS
 .text.LSM6DSM_ACC_GYRO_R_FF_EV_STATUS
                0x000000000800dc58       0x36 Drivers/BSP/Components/LSM6DSM_ACC_GYRO_driver.o
                0x000000000800dc58                LSM6DSM_ACC_GYRO_R_FF_EV_STATUS
 .text.LSM6DSM_ACC_GYRO_R_DOUBLE_TAP_EV_STATUS
                0x000000000800dc8e       0x36 Drivers/BSP/Components/LSM6DSM_ACC_GYRO_driver.o
                0x000000000800dc8e                LSM6DSM_ACC_GYRO_R_DOUBLE_TAP_EV_STATUS
 .text.LSM6DSM_ACC_GYRO_R_SINGLE_TAP_EV_STATUS
                0x000000000800dcc4       0x36 Drivers/BSP/Components/LSM6DSM_ACC_GYRO_driver.o
                0x000000000800dcc4                LSM6DSM_ACC_GYRO_R_SINGLE_TAP_EV_STATUS
 .text.LSM6DSM_ACC_GYRO_R_DSD_XL
                0x000000000800dcfa       0x36 Drivers/BSP/Components/LSM6DSM_ACC_GYRO_driver.o
                0x000000000800dcfa                LSM6DSM_ACC_GYRO_R_DSD_XL
 .text.LSM6DSM_ACC_GYRO_R_DSD_XH
                0x000000000800dd30       0x36 Drivers/BSP/Components/LSM6DSM_ACC_GYRO_driver.o
                0x000000000800dd30                LSM6DSM_ACC_GYRO_R_DSD_XH
 .text.LSM6DSM_ACC_GYRO_R_DSD_YL
                0x000000000800dd66       0x36 Drivers/BSP/Components/LSM6DSM_ACC_GYRO_driver.o
                0x000000000800dd66                LSM6DSM_ACC_GYRO_R_DSD_YL
 .text.LSM6DSM_ACC_GYRO_R_DSD_YH
                0x000000000800dd9c       0x36 Drivers/BSP/Components/LSM6DSM_ACC_GYRO_driver.o
                0x000000000800dd9c                LSM6DSM_ACC_GYRO_R_DSD_YH
 .text.LSM6DSM_ACC_GYRO_R_DSD_ZL
                0x000000000800ddd2       0x36 Drivers/BSP/Components/LSM6DSM_ACC_GYRO_driver.o
                0x000000000800ddd2                LSM6DSM_ACC_GYRO_R_DSD_ZL
 .text.LSM6DSM_ACC_GYRO_R_DSD_ZH
                0x000000000800de08       0x36 Drivers/BSP/Components/LSM6DSM_ACC_GYRO_driver.o
                0x000000000800de08                LSM6DSM_ACC_GYRO_R_DSD_ZH
 .text.LSM6DSM_ACC_GYRO_R_D6D_EV_STATUS
                0x000000000800de3e       0x36 Drivers/BSP/Components/LSM6DSM_ACC_GYRO_driver.o
                0x000000000800de3e                LSM6DSM_ACC_GYRO_R_D6D_EV_STATUS
 .text.LSM6DSM_ACC_GYRO_R_XLDA
                0x000000000800de74       0x36 Drivers/BSP/Components/LSM6DSM_ACC_GYRO_driver.o
                0x000000000800de74                LSM6DSM_ACC_GYRO_R_XLDA
 .text.LSM6DSM_ACC_GYRO_R_GDA
                0x000000000800deaa       0x36 Drivers/BSP/Components/LSM6DSM_ACC_GYRO_driver.o
                0x000000000800deaa                LSM6DSM_ACC_GYRO_R_GDA
 .text.LSM6DSM_ACC_GYRO_R_PEDO_EV_STATUS
                0x000000000800dee0       0x36 Drivers/BSP/Components/LSM6DSM_ACC_GYRO_driver.o
                0x000000000800dee0                LSM6DSM_ACC_GYRO_R_PEDO_EV_STATUS
 .text.LSM6DSM_ACC_GYRO_R_TILT_EV_STATUS
                0x000000000800df16       0x36 Drivers/BSP/Components/LSM6DSM_ACC_GYRO_driver.o
                0x000000000800df16                LSM6DSM_ACC_GYRO_R_TILT_EV_STATUS
 .text.LSM6DSM_ACC_GYRO_W_TAP_Z_EN
                0x000000000800df4c       0x58 Drivers/BSP/Components/LSM6DSM_ACC_GYRO_driver.o
                0x000000000800df4c                LSM6DSM_ACC_GYRO_W_TAP_Z_EN
 .text.LSM6DSM_ACC_GYRO_W_TAP_Y_EN
                0x000000000800dfa4       0x58 Drivers/BSP/Components/LSM6DSM_ACC_GYRO_driver.o
                0x000000000800dfa4                LSM6DSM_ACC_GYRO_W_TAP_Y_EN
 .text.LSM6DSM_ACC_GYRO_W_TAP_X_EN
                0x000000000800dffc       0x58 Drivers/BSP/Components/LSM6DSM_ACC_GYRO_driver.o
                0x000000000800dffc                LSM6DSM_ACC_GYRO_W_TAP_X_EN
 .text.LSM6DSM_ACC_GYRO_W_BASIC_INT
                0x000000000800e054       0x58 Drivers/BSP/Components/LSM6DSM_ACC_GYRO_driver.o
                0x000000000800e054                LSM6DSM_ACC_GYRO_W_BASIC_INT
 .text.LSM6DSM_ACC_GYRO_W_TAP_THS
                0x000000000800e0ac       0x60 Drivers/BSP/Components/LSM6DSM_ACC_GYRO_driver.o
                0x000000000800e0ac                LSM6DSM_ACC_GYRO_W_TAP_THS
 .text.LSM6DSM_ACC_GYRO_W_SIXD_THS
                0x000000000800e10c       0x58 Drivers/BSP/Components/LSM6DSM_ACC_GYRO_driver.o
                0x000000000800e10c                LSM6DSM_ACC_GYRO_W_SIXD_THS
 .text.LSM6DSM_ACC_GYRO_W_SHOCK_Duration
                0x000000000800e164       0x60 Drivers/BSP/Components/LSM6DSM_ACC_GYRO_driver.o
                0x000000000800e164                LSM6DSM_ACC_GYRO_W_SHOCK_Duration
 .text.LSM6DSM_ACC_GYRO_W_QUIET_Duration
                0x000000000800e1c4       0x66 Drivers/BSP/Components/LSM6DSM_ACC_GYRO_driver.o
                0x000000000800e1c4                LSM6DSM_ACC_GYRO_W_QUIET_Duration
 .text.LSM6DSM_ACC_GYRO_W_DUR
                0x000000000800e22a       0x66 Drivers/BSP/Components/LSM6DSM_ACC_GYRO_driver.o
                0x000000000800e22a                LSM6DSM_ACC_GYRO_W_DUR
 .text.LSM6DSM_ACC_GYRO_W_WK_THS
                0x000000000800e290       0x60 Drivers/BSP/Components/LSM6DSM_ACC_GYRO_driver.o
                0x000000000800e290                LSM6DSM_ACC_GYRO_W_WK_THS
 .text.LSM6DSM_ACC_GYRO_W_SINGLE_DOUBLE_TAP_EV
                0x000000000800e2f0       0x58 Drivers/BSP/Components/LSM6DSM_ACC_GYRO_driver.o
                0x000000000800e2f0                LSM6DSM_ACC_GYRO_W_SINGLE_DOUBLE_TAP_EV
 .text.LSM6DSM_ACC_GYRO_W_SLEEP_DUR
                0x000000000800e348       0x60 Drivers/BSP/Components/LSM6DSM_ACC_GYRO_driver.o
                0x000000000800e348                LSM6DSM_ACC_GYRO_W_SLEEP_DUR
 .text.LSM6DSM_ACC_GYRO_W_TIMER_HR
                0x000000000800e3a8       0x58 Drivers/BSP/Components/LSM6DSM_ACC_GYRO_driver.o
                0x000000000800e3a8                LSM6DSM_ACC_GYRO_W_TIMER_HR
 .text.LSM6DSM_ACC_GYRO_W_WAKE_DUR
                0x000000000800e400       0x66 Drivers/BSP/Components/LSM6DSM_ACC_GYRO_driver.o
                0x000000000800e400                LSM6DSM_ACC_GYRO_W_WAKE_DUR
 .text.LSM6DSM_ACC_GYRO_W_FF_THS
                0x000000000800e466       0x58 Drivers/BSP/Components/LSM6DSM_ACC_GYRO_driver.o
                0x000000000800e466                LSM6DSM_ACC_GYRO_W_FF_THS
 .text.LSM6DSM_ACC_GYRO_W_FF_Duration
                0x000000000800e4be       0xca Drivers/BSP/Components/LSM6DSM_ACC_GYRO_driver.o
                0x000000000800e4be                LSM6DSM_ACC_GYRO_W_FF_Duration
 .text.LSM6DSM_ACC_GYRO_W_TiltEvOnInt2
                0x000000000800e588       0x58 Drivers/BSP/Components/LSM6DSM_ACC_GYRO_driver.o
                0x000000000800e588                LSM6DSM_ACC_GYRO_W_TiltEvOnInt2
 .text.LSM6DSM_ACC_GYRO_W_6DEvOnInt2
                0x000000000800e5e0       0x58 Drivers/BSP/Components/LSM6DSM_ACC_GYRO_driver.o
                0x000000000800e5e0                LSM6DSM_ACC_GYRO_W_6DEvOnInt2
 .text.LSM6DSM_ACC_GYRO_W_TapEvOnInt2
                0x000000000800e638       0x58 Drivers/BSP/Components/LSM6DSM_ACC_GYRO_driver.o
                0x000000000800e638                LSM6DSM_ACC_GYRO_W_TapEvOnInt2
 .text.LSM6DSM_ACC_GYRO_W_FFEvOnInt2
                0x000000000800e690       0x58 Drivers/BSP/Components/LSM6DSM_ACC_GYRO_driver.o
                0x000000000800e690                LSM6DSM_ACC_GYRO_W_FFEvOnInt2
 .text.LSM6DSM_ACC_GYRO_W_WUEvOnInt2
                0x000000000800e6e8       0x58 Drivers/BSP/Components/LSM6DSM_ACC_GYRO_driver.o
                0x000000000800e6e8                LSM6DSM_ACC_GYRO_W_WUEvOnInt2
 .text.LSM6DSM_ACC_GYRO_W_SingleTapOnInt2
                0x000000000800e740       0x58 Drivers/BSP/Components/LSM6DSM_ACC_GYRO_driver.o
                0x000000000800e740                LSM6DSM_ACC_GYRO_W_SingleTapOnInt2
 .text.LSM6DSM_ACC_GYRO_GetRawGyroData
                0x000000000800e798       0x66 Drivers/BSP/Components/LSM6DSM_ACC_GYRO_driver.o
                0x000000000800e798                LSM6DSM_ACC_GYRO_GetRawGyroData
 .text.LSM6DSM_ACC_GYRO_GetRawAccData
                0x000000000800e7fe       0x66 Drivers/BSP/Components/LSM6DSM_ACC_GYRO_driver.o
                0x000000000800e7fe                LSM6DSM_ACC_GYRO_GetRawAccData
 .text.LSM6DSM_ACC_GYRO_Get_GetStepCounter
                0x000000000800e864       0x66 Drivers/BSP/Components/LSM6DSM_ACC_GYRO_driver.o
                0x000000000800e864                LSM6DSM_ACC_GYRO_Get_GetStepCounter
 .text.LSM6DSM_ACC_GYRO_W_PedoThreshold
                0x000000000800e8ca       0x88 Drivers/BSP/Components/LSM6DSM_ACC_GYRO_driver.o
                0x000000000800e8ca                LSM6DSM_ACC_GYRO_W_PedoThreshold
 *fill*         0x000000000800e952        0x2 
 .text.LSM6DSM_X_Init
                0x000000000800e954       0xa4 Drivers/BSP/Components/LSM6DSM_ACC_GYRO_driver_HL.o
 .text.LSM6DSM_X_DeInit
                0x000000000800e9f8       0xc8 Drivers/BSP/Components/LSM6DSM_ACC_GYRO_driver_HL.o
 .text.LSM6DSM_X_Sensor_Enable
                0x000000000800eac0       0x4a Drivers/BSP/Components/LSM6DSM_ACC_GYRO_driver_HL.o
 .text.LSM6DSM_X_Sensor_Disable
                0x000000000800eb0a       0x58 Drivers/BSP/Components/LSM6DSM_ACC_GYRO_driver_HL.o
 .text.LSM6DSM_X_Get_WhoAmI
                0x000000000800eb62       0x1c Drivers/BSP/Components/LSM6DSM_ACC_GYRO_driver_HL.o
 .text.LSM6DSM_X_Check_WhoAmI
                0x000000000800eb7e       0x18 Drivers/BSP/Components/LSM6DSM_ACC_GYRO_driver_HL.o
 .text.LSM6DSM_X_Get_Axes
                0x000000000800eb96       0xa6 Drivers/BSP/Components/LSM6DSM_ACC_GYRO_driver_HL.o
 .text.LSM6DSM_X_Get_AxesRaw
                0x000000000800ec3c       0x42 Drivers/BSP/Components/LSM6DSM_ACC_GYRO_driver_HL.o
 *fill*         0x000000000800ec7e        0x2 
 .text.LSM6DSM_X_Get_Sensitivity
                0x000000000800ec80       0xa8 Drivers/BSP/Components/LSM6DSM_ACC_GYRO_driver_HL.o
 .text.LSM6DSM_X_Get_ODR
                0x000000000800ed28       0xfc Drivers/BSP/Components/LSM6DSM_ACC_GYRO_driver_HL.o
 .text.LSM6DSM_X_Set_ODR
                0x000000000800ee24       0x46 Drivers/BSP/Components/LSM6DSM_ACC_GYRO_driver_HL.o
 .text.LSM6DSM_X_Set_ODR_Value
                0x000000000800ee6a       0x46 Drivers/BSP/Components/LSM6DSM_ACC_GYRO_driver_HL.o
 .text.LSM6DSM_X_Get_FS
                0x000000000800eeb0       0xa0 Drivers/BSP/Components/LSM6DSM_ACC_GYRO_driver_HL.o
 .text.LSM6DSM_X_Set_FS
                0x000000000800ef50       0x4e Drivers/BSP/Components/LSM6DSM_ACC_GYRO_driver_HL.o
 .text.LSM6DSM_X_Set_FS_Value
                0x000000000800ef9e       0x70 Drivers/BSP/Components/LSM6DSM_ACC_GYRO_driver_HL.o
 *fill*         0x000000000800f00e        0x2 
 .text.LSM6DSM_G_Init
                0x000000000800f010       0xa4 Drivers/BSP/Components/LSM6DSM_ACC_GYRO_driver_HL.o
 .text.LSM6DSM_G_DeInit
                0x000000000800f0b4       0x58 Drivers/BSP/Components/LSM6DSM_ACC_GYRO_driver_HL.o
 .text.LSM6DSM_G_Sensor_Enable
                0x000000000800f10c       0x4a Drivers/BSP/Components/LSM6DSM_ACC_GYRO_driver_HL.o
 .text.LSM6DSM_G_Sensor_Disable
                0x000000000800f156       0x58 Drivers/BSP/Components/LSM6DSM_ACC_GYRO_driver_HL.o
 .text.LSM6DSM_G_Get_WhoAmI
                0x000000000800f1ae       0x1c Drivers/BSP/Components/LSM6DSM_ACC_GYRO_driver_HL.o
 .text.LSM6DSM_G_Check_WhoAmI
                0x000000000800f1ca       0x18 Drivers/BSP/Components/LSM6DSM_ACC_GYRO_driver_HL.o
 .text.LSM6DSM_G_Get_Axes
                0x000000000800f1e2       0xa6 Drivers/BSP/Components/LSM6DSM_ACC_GYRO_driver_HL.o
 .text.LSM6DSM_G_Get_AxesRaw
                0x000000000800f288       0x42 Drivers/BSP/Components/LSM6DSM_ACC_GYRO_driver_HL.o
 *fill*         0x000000000800f2ca        0x2 
 .text.LSM6DSM_G_Get_Sensitivity
                0x000000000800f2cc       0xd0 Drivers/BSP/Components/LSM6DSM_ACC_GYRO_driver_HL.o
 .text.LSM6DSM_G_Get_ODR
                0x000000000800f39c       0xfc Drivers/BSP/Components/LSM6DSM_ACC_GYRO_driver_HL.o
 .text.LSM6DSM_G_Set_ODR
                0x000000000800f498       0x46 Drivers/BSP/Components/LSM6DSM_ACC_GYRO_driver_HL.o
 .text.LSM6DSM_G_Set_ODR_Value
                0x000000000800f4de       0x46 Drivers/BSP/Components/LSM6DSM_ACC_GYRO_driver_HL.o
 .text.LSM6DSM_G_Get_FS
                0x000000000800f524       0xd0 Drivers/BSP/Components/LSM6DSM_ACC_GYRO_driver_HL.o
 .text.LSM6DSM_G_Set_FS
                0x000000000800f5f4       0x4e Drivers/BSP/Components/LSM6DSM_ACC_GYRO_driver_HL.o
 *fill*         0x000000000800f642        0x2 
 .text.LSM6DSM_G_Set_FS_Value
                0x000000000800f644       0xb8 Drivers/BSP/Components/LSM6DSM_ACC_GYRO_driver_HL.o
 .text.LSM6DSM_Get_WhoAmI
                0x000000000800f6fc       0x26 Drivers/BSP/Components/LSM6DSM_ACC_GYRO_driver_HL.o
 .text.LSM6DSM_Check_WhoAmI
                0x000000000800f722       0x3a Drivers/BSP/Components/LSM6DSM_ACC_GYRO_driver_HL.o
 .text.LSM6DSM_X_Get_Axes_Raw
                0x000000000800f75c       0x7a Drivers/BSP/Components/LSM6DSM_ACC_GYRO_driver_HL.o
 *fill*         0x000000000800f7d6        0x2 
 .text.LSM6DSM_X_Set_ODR_When_Enabled
                0x000000000800f7d8       0x6c Drivers/BSP/Components/LSM6DSM_ACC_GYRO_driver_HL.o
 .text.LSM6DSM_X_Set_ODR_When_Disabled
                0x000000000800f844       0x84 Drivers/BSP/Components/LSM6DSM_ACC_GYRO_driver_HL.o
 .text.LSM6DSM_X_Set_ODR_Value_When_Enabled
                0x000000000800f8c8      0x110 Drivers/BSP/Components/LSM6DSM_ACC_GYRO_driver_HL.o
 .text.LSM6DSM_X_Set_ODR_Value_When_Disabled
                0x000000000800f9d8      0x138 Drivers/BSP/Components/LSM6DSM_ACC_GYRO_driver_HL.o
 .text.LSM6DSM_G_Get_Axes_Raw
                0x000000000800fb10       0x7a Drivers/BSP/Components/LSM6DSM_ACC_GYRO_driver_HL.o
 *fill*         0x000000000800fb8a        0x2 
 .text.LSM6DSM_G_Set_ODR_When_Enabled
                0x000000000800fb8c       0x6c Drivers/BSP/Components/LSM6DSM_ACC_GYRO_driver_HL.o
 .text.LSM6DSM_G_Set_ODR_When_Disabled
                0x000000000800fbf8       0x84 Drivers/BSP/Components/LSM6DSM_ACC_GYRO_driver_HL.o
 .text.LSM6DSM_G_Set_ODR_Value_When_Enabled
                0x000000000800fc7c      0x110 Drivers/BSP/Components/LSM6DSM_ACC_GYRO_driver_HL.o
 .text.LSM6DSM_G_Set_ODR_Value_When_Disabled
                0x000000000800fd8c      0x138 Drivers/BSP/Components/LSM6DSM_ACC_GYRO_driver_HL.o
 .text.LSM6DSM_X_Enable_Free_Fall_Detection
                0x000000000800fec4       0xbc Drivers/BSP/Components/LSM6DSM_ACC_GYRO_driver_HL.o
 .text.LSM6DSM_X_Disable_Free_Fall_Detection
                0x000000000800ff80       0x5a Drivers/BSP/Components/LSM6DSM_ACC_GYRO_driver_HL.o
 .text.LSM6DSM_X_Get_Free_Fall_Detection_Status
                0x000000000800ffda       0x48 Drivers/BSP/Components/LSM6DSM_ACC_GYRO_driver_HL.o
 .text.LSM6DSM_X_Set_Free_Fall_Threshold
                0x0000000008010022       0x2a Drivers/BSP/Components/LSM6DSM_ACC_GYRO_driver_HL.o
 .text.LSM6DSM_X_Enable_Pedometer
                0x000000000801004c       0x80 Drivers/BSP/Components/LSM6DSM_ACC_GYRO_driver_HL.o
 .text.LSM6DSM_X_Disable_Pedometer
                0x00000000080100cc       0x5a Drivers/BSP/Components/LSM6DSM_ACC_GYRO_driver_HL.o
 .text.LSM6DSM_X_Get_Pedometer_Status
                0x0000000008010126       0x48 Drivers/BSP/Components/LSM6DSM_ACC_GYRO_driver_HL.o
 .text.LSM6DSM_X_Get_Step_Count
                0x000000000801016e       0x26 Drivers/BSP/Components/LSM6DSM_ACC_GYRO_driver_HL.o
 .text.LSM6DSM_X_Enable_Step_Counter_Reset
                0x0000000008010194       0x24 Drivers/BSP/Components/LSM6DSM_ACC_GYRO_driver_HL.o
 .text.LSM6DSM_X_Disable_Step_Counter_Reset
                0x00000000080101b8       0x24 Drivers/BSP/Components/LSM6DSM_ACC_GYRO_driver_HL.o
 .text.LSM6DSM_X_Set_Pedometer_Threshold
                0x00000000080101dc       0x2a Drivers/BSP/Components/LSM6DSM_ACC_GYRO_driver_HL.o
 .text.LSM6DSM_X_Enable_Tilt_Detection
                0x0000000008010206       0x6e Drivers/BSP/Components/LSM6DSM_ACC_GYRO_driver_HL.o
 .text.LSM6DSM_X_Disable_Tilt_Detection
                0x0000000008010274       0x48 Drivers/BSP/Components/LSM6DSM_ACC_GYRO_driver_HL.o
 .text.LSM6DSM_X_Get_Tilt_Detection_Status
                0x00000000080102bc       0x48 Drivers/BSP/Components/LSM6DSM_ACC_GYRO_driver_HL.o
 .text.LSM6DSM_X_Enable_Wake_Up_Detection
                0x0000000008010304       0x84 Drivers/BSP/Components/LSM6DSM_ACC_GYRO_driver_HL.o
 .text.LSM6DSM_X_Disable_Wake_Up_Detection
                0x0000000008010388       0x5a Drivers/BSP/Components/LSM6DSM_ACC_GYRO_driver_HL.o
 .text.LSM6DSM_X_Get_Wake_Up_Detection_Status
                0x00000000080103e2       0x48 Drivers/BSP/Components/LSM6DSM_ACC_GYRO_driver_HL.o
 .text.LSM6DSM_X_Set_Wake_Up_Threshold
                0x000000000801042a       0x2a Drivers/BSP/Components/LSM6DSM_ACC_GYRO_driver_HL.o
 .text.LSM6DSM_X_Enable_Single_Tap_Detection
                0x0000000008010454       0xcc Drivers/BSP/Components/LSM6DSM_ACC_GYRO_driver_HL.o
 .text.LSM6DSM_X_Disable_Single_Tap_Detection
                0x0000000008010520       0xa2 Drivers/BSP/Components/LSM6DSM_ACC_GYRO_driver_HL.o
 .text.LSM6DSM_X_Get_Single_Tap_Detection_Status
                0x00000000080105c2       0x48 Drivers/BSP/Components/LSM6DSM_ACC_GYRO_driver_HL.o
 *fill*         0x000000000801060a        0x2 
 .text.LSM6DSM_X_Enable_Double_Tap_Detection
                0x000000000801060c       0xf0 Drivers/BSP/Components/LSM6DSM_ACC_GYRO_driver_HL.o
 .text.LSM6DSM_X_Disable_Double_Tap_Detection
                0x00000000080106fc       0xc6 Drivers/BSP/Components/LSM6DSM_ACC_GYRO_driver_HL.o
 .text.LSM6DSM_X_Get_Double_Tap_Detection_Status
                0x00000000080107c2       0x48 Drivers/BSP/Components/LSM6DSM_ACC_GYRO_driver_HL.o
 .text.LSM6DSM_X_Set_Tap_Threshold
                0x000000000801080a       0x2a Drivers/BSP/Components/LSM6DSM_ACC_GYRO_driver_HL.o
 .text.LSM6DSM_X_Set_Tap_Shock_Time
                0x0000000008010834       0x2a Drivers/BSP/Components/LSM6DSM_ACC_GYRO_driver_HL.o
 .text.LSM6DSM_X_Set_Tap_Quiet_Time
                0x000000000801085e       0x2a Drivers/BSP/Components/LSM6DSM_ACC_GYRO_driver_HL.o
 .text.LSM6DSM_X_Set_Tap_Duration_Time
                0x0000000008010888       0x2a Drivers/BSP/Components/LSM6DSM_ACC_GYRO_driver_HL.o
 *fill*         0x00000000080108b2        0x2 
 .text.LSM6DSM_X_Enable_6D_Orientation
                0x00000000080108b4       0x74 Drivers/BSP/Components/LSM6DSM_ACC_GYRO_driver_HL.o
 .text.LSM6DSM_X_Disable_6D_Orientation
                0x0000000008010928       0x48 Drivers/BSP/Components/LSM6DSM_ACC_GYRO_driver_HL.o
 .text.LSM6DSM_X_Get_6D_Orientation_Status
                0x0000000008010970       0x48 Drivers/BSP/Components/LSM6DSM_ACC_GYRO_driver_HL.o
 .text.LSM6DSM_X_Get_6D_Orientation_XL
                0x00000000080109b8       0x48 Drivers/BSP/Components/LSM6DSM_ACC_GYRO_driver_HL.o
 .text.LSM6DSM_X_Get_6D_Orientation_XH
                0x0000000008010a00       0x48 Drivers/BSP/Components/LSM6DSM_ACC_GYRO_driver_HL.o
 .text.LSM6DSM_X_Get_6D_Orientation_YL
                0x0000000008010a48       0x48 Drivers/BSP/Components/LSM6DSM_ACC_GYRO_driver_HL.o
 .text.LSM6DSM_X_Get_6D_Orientation_YH
                0x0000000008010a90       0x48 Drivers/BSP/Components/LSM6DSM_ACC_GYRO_driver_HL.o
 .text.LSM6DSM_X_Get_6D_Orientation_ZL
                0x0000000008010ad8       0x48 Drivers/BSP/Components/LSM6DSM_ACC_GYRO_driver_HL.o
 .text.LSM6DSM_X_Get_6D_Orientation_ZH
                0x0000000008010b20       0x48 Drivers/BSP/Components/LSM6DSM_ACC_GYRO_driver_HL.o
 .text.LSM6DSM_X_Read_Reg
                0x0000000008010b68       0x2e Drivers/BSP/Components/LSM6DSM_ACC_GYRO_driver_HL.o
 .text.LSM6DSM_X_Write_Reg
                0x0000000008010b96       0x30 Drivers/BSP/Components/LSM6DSM_ACC_GYRO_driver_HL.o
 .text.LSM6DSM_X_Get_DRDY_Status
                0x0000000008010bc6       0x48 Drivers/BSP/Components/LSM6DSM_ACC_GYRO_driver_HL.o
 .text.LSM6DSM_G_Read_Reg
                0x0000000008010c0e       0x2e Drivers/BSP/Components/LSM6DSM_ACC_GYRO_driver_HL.o
 .text.LSM6DSM_G_Write_Reg
                0x0000000008010c3c       0x30 Drivers/BSP/Components/LSM6DSM_ACC_GYRO_driver_HL.o
 .text.LSM6DSM_G_Get_DRDY_Status
                0x0000000008010c6c       0x48 Drivers/BSP/Components/LSM6DSM_ACC_GYRO_driver_HL.o
 .text.STC3115_Init
                0x0000000008010cb4      0x254 Drivers/BSP/Components/STC3115_Driver.o
 .text.STC3115_DeInit
                0x0000000008010f08       0x1c Drivers/BSP/Components/STC3115_Driver.o
 .text.STC3115_Get_WhoAmI
                0x0000000008010f24       0x2a Drivers/BSP/Components/STC3115_Driver.o
 *fill*         0x0000000008010f4e        0x2 
 .text.STC3115_Task
                0x0000000008010f50      0x2a8 Drivers/BSP/Components/STC3115_Driver.o
 .text.STC3115_Reset
                0x00000000080111f8       0x52 Drivers/BSP/Components/STC3115_Driver.o
 .text.STC3115_Stop
                0x000000000801124a       0x4e Drivers/BSP/Components/STC3115_Driver.o
 .text.STC3115_GetSOC
                0x0000000008011298       0x38 Drivers/BSP/Components/STC3115_Driver.o
 .text.STC3115_GetOCV
                0x00000000080112d0       0x26 Drivers/BSP/Components/STC3115_Driver.o
 .text.STC3115_GetCurrent
                0x00000000080112f6       0x24 Drivers/BSP/Components/STC3115_Driver.o
 .text.STC3115_GetTemperature
                0x000000000801131a       0x24 Drivers/BSP/Components/STC3115_Driver.o
 .text.STC3115_GetVoltage
                0x000000000801133e       0x26 Drivers/BSP/Components/STC3115_Driver.o
 .text.STC3115_GetChargeValue
                0x0000000008011364       0x26 Drivers/BSP/Components/STC3115_Driver.o
 .text.STC3115_GetPresence
                0x000000000801138a       0x26 Drivers/BSP/Components/STC3115_Driver.o
 .text.STC3115_GetAlarmStatus
                0x00000000080113b0       0x2a Drivers/BSP/Components/STC3115_Driver.o
 .text.STC3115_Status
                0x00000000080113da       0x52 Drivers/BSP/Components/STC3115_Driver.o
 .text.STC3115_CalcRamCRC8
                0x000000000801142c       0x6c Drivers/BSP/Components/STC3115_Driver.o
 .text.STC3115_UpdateRamCRC
                0x0000000008011498       0x30 Drivers/BSP/Components/STC3115_Driver.o
 .text.STC3115_InitRamData
                0x00000000080114c8       0x5a Drivers/BSP/Components/STC3115_Driver.o
 .text.STC3115_WriteRamData
                0x0000000008011522       0x2c Drivers/BSP/Components/STC3115_Driver.o
 .text.STC3115_ReadRamData
                0x000000000801154e       0x2c Drivers/BSP/Components/STC3115_Driver.o
 .text.STC3115_ReadBatteryData
                0x000000000801157a      0x156 Drivers/BSP/Components/STC3115_Driver.o
 .text.STC3115_Restore
                0x00000000080116d0       0x60 Drivers/BSP/Components/STC3115_Driver.o
 .text.STC3115_Powerdown
                0x0000000008011730       0x42 Drivers/BSP/Components/STC3115_Driver.o
 .text.STC3115_conv
                0x0000000008011772       0x38 Drivers/BSP/Components/STC3115_Driver.o
 .text.STC3115_Startup
                0x00000000080117aa       0x48 Drivers/BSP/Components/STC3115_Driver.o
 .text.STC3115_Read
                0x00000000080117f2       0x36 Drivers/BSP/Components/STC3115_Driver.o
 .text.STC3115_Write
                0x0000000008011828       0x36 Drivers/BSP/Components/STC3115_Driver.o
 .text.STC3115_ReadWord
                0x000000000801185e       0x3a Drivers/BSP/Components/STC3115_Driver.o
 .text.STC3115_WriteWord
                0x0000000008011898       0x38 Drivers/BSP/Components/STC3115_Driver.o
 .text.STC3115_SetParam
                0x00000000080118d0      0x128 Drivers/BSP/Components/STC3115_Driver.o
 .text.BSP_LED_Init
                0x00000000080119f8       0xa0 Drivers/BSP/SensorTile/SensorTile.o
                0x00000000080119f8                BSP_LED_Init
 .text.BSP_LED_On
                0x0000000008011a98       0x5c Drivers/BSP/SensorTile/SensorTile.o
                0x0000000008011a98                BSP_LED_On
 .text.BSP_LED_Off
                0x0000000008011af4       0x5c Drivers/BSP/SensorTile/SensorTile.o
                0x0000000008011af4                BSP_LED_Off
 .text.Sensor_IO_I2C_Init
                0x0000000008011b50       0x18 Drivers/BSP/SensorTile/SensorTile.o
                0x0000000008011b50                Sensor_IO_I2C_Init
 .text.Sensor_IO_SPI_Init
                0x0000000008011b68      0x118 Drivers/BSP/SensorTile/SensorTile.o
                0x0000000008011b68                Sensor_IO_SPI_Init
 .text.Sensor_IO_SPI_CS_Init_All
                0x0000000008011c80      0x124 Drivers/BSP/SensorTile/SensorTile.o
                0x0000000008011c80                Sensor_IO_SPI_CS_Init_All
 .text.Sensor_IO_SPI_CS_Init
                0x0000000008011da4      0x12c Drivers/BSP/SensorTile/SensorTile.o
                0x0000000008011da4                Sensor_IO_SPI_CS_Init
 .text.Sensor_IO_Write
                0x0000000008011ed0       0x84 Drivers/BSP/SensorTile/SensorTile.o
                0x0000000008011ed0                Sensor_IO_Write
 .text.Sensor_IO_I2C_Write
                0x0000000008011f54       0x30 Drivers/BSP/SensorTile/SensorTile.o
                0x0000000008011f54                Sensor_IO_I2C_Write
 .text.Sensor_IO_Read
                0x0000000008011f84       0x84 Drivers/BSP/SensorTile/SensorTile.o
                0x0000000008011f84                Sensor_IO_Read
 .text.Sensor_IO_I2C_Read
                0x0000000008012008       0x30 Drivers/BSP/SensorTile/SensorTile.o
                0x0000000008012008                Sensor_IO_I2C_Read
 .text.Sensor_IO_SPI_Write
                0x0000000008012038       0x60 Drivers/BSP/SensorTile/SensorTile.o
                0x0000000008012038                Sensor_IO_SPI_Write
 .text.Sensor_IO_SPI_Read
                0x0000000008012098       0x9c Drivers/BSP/SensorTile/SensorTile.o
                0x0000000008012098                Sensor_IO_SPI_Read
 .text.Sensor_IO_SPI_CS_Enable
                0x0000000008012134       0x74 Drivers/BSP/SensorTile/SensorTile.o
                0x0000000008012134                Sensor_IO_SPI_CS_Enable
 .text.Sensor_IO_SPI_CS_Disable
                0x00000000080121a8       0x74 Drivers/BSP/SensorTile/SensorTile.o
                0x00000000080121a8                Sensor_IO_SPI_CS_Disable
 .text.LSM6DSM_Sensor_IO_ITConfig
                0x000000000801221c       0x5c Drivers/BSP/SensorTile/SensorTile.o
                0x000000000801221c                LSM6DSM_Sensor_IO_ITConfig
 .text.SPI_Read
                0x0000000008012278       0x70 Drivers/BSP/SensorTile/SensorTile.o
                0x0000000008012278                SPI_Read
 .text.SPI_Read_nBytes
                0x00000000080122e8       0xa4 Drivers/BSP/SensorTile/SensorTile.o
                0x00000000080122e8                SPI_Read_nBytes
 .text.SPI_Write
                0x000000000801238c       0x52 Drivers/BSP/SensorTile/SensorTile.o
                0x000000000801238c                SPI_Write
 *fill*         0x00000000080123de        0x2 
 .text.I2C_SENSORTILE_Init
                0x00000000080123e0       0x54 Drivers/BSP/SensorTile/SensorTile.o
 .text.I2C_SENSORTILE_WriteData
                0x0000000008012434       0x60 Drivers/BSP/SensorTile/SensorTile.o